Archive member included to satisfy reference by file (symbol)

app/libapp.a(main.c.obj)      (--whole-archive)
zephyr/libzephyr.a(cbprintf_packaged.c.obj)
                              (--whole-archive)
zephyr/libzephyr.a(crc32c_sw.c.obj)
                              (--whole-archive)
zephyr/libzephyr.a(crc32_sw.c.obj)
                              (--whole-archive)
zephyr/libzephyr.a(crc16_sw.c.obj)
                              (--whole-archive)
zephyr/libzephyr.a(crc8_sw.c.obj)
                              (--whole-archive)
zephyr/libzephyr.a(crc7_sw.c.obj)
                              (--whole-archive)
zephyr/libzephyr.a(dec.c.obj)
                              (--whole-archive)
zephyr/libzephyr.a(fdtable.c.obj)
                              (--whole-archive)
zephyr/libzephyr.a(hex.c.obj)
                              (--whole-archive)
zephyr/libzephyr.a(printk.c.obj)
                              (--whole-archive)
zephyr/libzephyr.a(rb.c.obj)  (--whole-archive)
zephyr/libzephyr.a(sem.c.obj)
                              (--whole-archive)
zephyr/libzephyr.a(thread_entry.c.obj)
                              (--whole-archive)
zephyr/libzephyr.a(timeutil.c.obj)
                              (--whole-archive)
zephyr/libzephyr.a(heap.c.obj)
                              (--whole-archive)
zephyr/libzephyr.a(heap-validate.c.obj)
                              (--whole-archive)
zephyr/libzephyr.a(bitarray.c.obj)
                              (--whole-archive)
zephyr/libzephyr.a(multi_heap.c.obj)
                              (--whole-archive)
zephyr/libzephyr.a(onoff.c.obj)
                              (--whole-archive)
zephyr/libzephyr.a(notify.c.obj)
                              (--whole-archive)
zephyr/libzephyr.a(cbprintf_complete.c.obj)
                              (--whole-archive)
zephyr/libzephyr.a(cbprintf.c.obj)
                              (--whole-archive)
zephyr/libzephyr.a(assert.c.obj)
                              (--whole-archive)
zephyr/libzephyr.a(reboot.c.obj)
                              (--whole-archive)
zephyr/libzephyr.a(configs.c.obj)
                              (--whole-archive)
zephyr/libzephyr.a(soc_nrf_common.S.obj)
                              (--whole-archive)
zephyr/libzephyr.a(validate_base_addresses.c.obj)
                              (--whole-archive)
zephyr/libzephyr.a(validate_enabled_instances.c.obj)
                              (--whole-archive)
zephyr/libzephyr.a(pm.c.obj)  (--whole-archive)
zephyr/libzephyr.a(policy.c.obj)
                              (--whole-archive)
zephyr/libzephyr.a(state.c.obj)
                              (--whole-archive)
zephyr/libzephyr.a(tracing_none.c.obj)
                              (--whole-archive)
zephyr/arch/common/libarch__common.a(sw_isr_common.c.obj)
                              (--whole-archive)
zephyr/arch/arch/arm/core/aarch32/libarch__arm__core__aarch32.a(cpu_idle.S.obj)
                              (--whole-archive)
zephyr/arch/arch/arm/core/aarch32/libarch__arm__core__aarch32.a(fatal.c.obj)
                              (--whole-archive)
zephyr/arch/arch/arm/core/aarch32/libarch__arm__core__aarch32.a(irq_manage.c.obj)
                              (--whole-archive)
zephyr/arch/arch/arm/core/aarch32/libarch__arm__core__aarch32.a(nmi.c.obj)
                              (--whole-archive)
zephyr/arch/arch/arm/core/aarch32/libarch__arm__core__aarch32.a(nmi_on_reset.S.obj)
                              (--whole-archive)
zephyr/arch/arch/arm/core/aarch32/libarch__arm__core__aarch32.a(prep_c.c.obj)
                              (--whole-archive)
zephyr/arch/arch/arm/core/aarch32/libarch__arm__core__aarch32.a(swap.c.obj)
                              (--whole-archive)
zephyr/arch/arch/arm/core/aarch32/libarch__arm__core__aarch32.a(swap_helper.S.obj)
                              (--whole-archive)
zephyr/arch/arch/arm/core/aarch32/libarch__arm__core__aarch32.a(thread.c.obj)
                              (--whole-archive)
zephyr/arch/arch/arm/core/aarch32/libarch__arm__core__aarch32.a(isr_wrapper.S.obj)
                              (--whole-archive)
zephyr/arch/arch/arm/core/aarch32/cortex_m/libarch__arm__core__aarch32__cortex_m.a(exc_exit.S.obj)
                              (--whole-archive)
zephyr/arch/arch/arm/core/aarch32/cortex_m/libarch__arm__core__aarch32__cortex_m.a(fault.c.obj)
                              (--whole-archive)
zephyr/arch/arch/arm/core/aarch32/cortex_m/libarch__arm__core__aarch32__cortex_m.a(fault_s.S.obj)
                              (--whole-archive)
zephyr/arch/arch/arm/core/aarch32/cortex_m/libarch__arm__core__aarch32__cortex_m.a(fpu.c.obj)
                              (--whole-archive)
zephyr/arch/arch/arm/core/aarch32/cortex_m/libarch__arm__core__aarch32__cortex_m.a(irq_init.c.obj)
                              (--whole-archive)
zephyr/arch/arch/arm/core/aarch32/cortex_m/libarch__arm__core__aarch32__cortex_m.a(reset.S.obj)
                              (--whole-archive)
[...]
Memory Configuration

Name             Origin             Length             Attributes
FLASH            0x0000000000000000 0x0000000000030000 xr
RAM              0x0000000020000000 0x0000000000006000 xw
IDT_LIST         0x00000000fffff7ff 0x0000000000000800 xw
*default*        0x0000000000000000 0xffffffffffffffff

Linker script and memory map

LOAD zephyr/CMakeFiles/zephyr_pre0.dir/misc/empty_file.c.obj
                0x0000000000000020                _region_min_align = 0x20

.rel.plt        0x0000000000000000        0x0
 *(SORT_BY_ALIGNMENT(.rel.plt))
                [!provide]                        PROVIDE (__rel_iplt_start = .)
 *(SORT_BY_ALIGNMENT(.rel.iplt))
 .rel.iplt      0x0000000000000000        0x0 app/libapp.a(main.c.obj)
                [!provide]                        PROVIDE (__rel_iplt_end = .)

.rela.plt       0x0000000000000000        0x0
 *(SORT_BY_ALIGNMENT(.rela.plt))
                [!provide]                        PROVIDE (__rela_iplt_start = .)
 *(SORT_BY_ALIGNMENT(.rela.iplt))
                [!provide]                        PROVIDE (__rela_iplt_end = .)

.rel.dyn
 *(SORT_BY_ALIGNMENT(.rel.*))

.rela.dyn
 *(SORT_BY_ALIGNMENT(.rela.*))

/DISCARD/
 *(SORT_BY_ALIGNMENT(.plt))

/DISCARD/
 *(SORT_BY_ALIGNMENT(.iplt))
                0x0000000000000000                __rom_region_start = 0x0

rom_start       0x0000000000000000       0xb8
                0x0000000000000000                . = 0x0
                0x0000000000000000                . = ALIGN (0x4)
                0x0000000000000000                . = ALIGN (0x80)
                0x0000000000000000                . = ALIGN (0x100)
                0x0000000000000000                _vector_start = .
 *(SORT_BY_ALIGNMENT(.exc_vector_table))
 *(SORT_BY_ALIGNMENT(.exc_vector_table.*))
 .exc_vector_table._vector_table_section
                0x0000000000000000       0x40 zephyr/arch/arch/arm/core/aarch32/cortex_m/libarch__arm__core__aarch32__cortex_m.a(vector_table.S.obj)
                0x0000000000000000                _vector_table
 *(SORT_BY_ALIGNMENT(.vectors))
                0x00000000000000b8                _vector_end = .
                0x0000000000000040                . = ALIGN (0x4)
 *(SORT_BY_ALIGNMENT(.gnu.linkonce.irq_vector_table*))
 .gnu.linkonce.irq_vector_table
                0x0000000000000040       0x78 zephyr/arch/common/libisr_tables.a(isr_tables.c.obj)
                0x0000000000000040                _irq_vector_table
                0x00000000000000b8                _vector_end = .

text            0x00000000000000b8     0x51dc
                0x00000000000000b8                __text_region_start = .
 *(SORT_BY_ALIGNMENT(.text))
 .text          0x00000000000000b8       0x30 c:/nordicsemi/toolchains/v2.2.0/opt/zephyr-sdk/arm-zephyr-eabi/bin/../lib/gcc/arm-zephyr-eabi/12.1.0/thumb/v7e-m/nofp\libgcc.a(_aeabi_uldivmod.o)
                0x00000000000000b8                __aeabi_uldivmod
 .text          0x00000000000000e8        0x4 c:/nordicsemi/toolchains/v2.2.0/opt/zephyr-sdk/arm-zephyr-eabi/bin/../lib/gcc/arm-zephyr-eabi/12.1.0/thumb/v7e-m/nofp\libgcc.a(_dvmd_tls.o)
                0x00000000000000e8                __aeabi_idiv0
                0x00000000000000e8                __aeabi_ldiv0
 .text          0x00000000000000ec      0x2a0 c:/nordicsemi/toolchains/v2.2.0/opt/zephyr-sdk/arm-zephyr-eabi/bin/../lib/gcc/arm-zephyr-eabi/12.1.0/thumb/v7e-m/nofp\libgcc.a(_udivmoddi4.o)
                0x00000000000000ec                __udivmoddi4
 *(SORT_BY_ALIGNMENT(.text.*))
 .text.gpio_pin_set_dt.constprop.0.isra.0
                0x000000000000038c       0x28 app/libapp.a(main.c.obj)
 .text.main     0x00000000000003b4       0x5c app/libapp.a(main.c.obj)
                0x00000000000003b4                main
 .text.char_out
                0x0000000000000410        0xc zephyr/libzephyr.a(printk.c.obj)
 .text.__printk_hook_install
                0x000000000000041c        0xc zephyr/libzephyr.a(printk.c.obj)
                0x000000000000041c                __printk_hook_install
 .text.vprintk  0x0000000000000428       0x1c zephyr/libzephyr.a(printk.c.obj)
                0x0000000000000428                vprintk
 .text.process_event
                0x0000000000000444      0x21c zephyr/libzephyr.a(onoff.c.obj)
 .text.z_cbvprintf_impl
                0x0000000000000660      0x764 zephyr/libzephyr.a(cbprintf_complete.c.obj)
                0x0000000000000660                z_cbvprintf_impl
 .text.z_arm_platform_init
                0x0000000000000dc4        0x4 zephyr/libzephyr.a(soc_nrf_common.S.obj)
                0x0000000000000dc4                z_arm_platform_init
 .text.pm_state_notify
                0x0000000000000dc8       0x5c zephyr/libzephyr.a(pm.c.obj)
 .text.pm_system_resume
                0x0000000000000e24       0x78 zephyr/libzephyr.a(pm.c.obj)
                0x0000000000000e24                pm_system_resume
 .text.pm_system_suspend
                0x0000000000000e9c       0xf8 zephyr/libzephyr.a(pm.c.obj)
                0x0000000000000e9c                pm_system_suspend
 .text.pm_policy_next_state
                0x0000000000000f94       0x94 zephyr/libzephyr.a(policy.c.obj)
                0x0000000000000f94                pm_policy_next_state
 .text.pm_state_cpu_get_all
                0x0000000000001028       0x10 zephyr/libzephyr.a(state.c.obj)
                0x0000000000001028                pm_state_cpu_get_all
 .text.z_arm_cpu_idle_init
                0x0000000000001038        0xc zephyr/arch/arch/arm/core/aarch32/libarch__arm__core__aarch32.a(cpu_idle.S.obj)
                0x0000000000001038                z_arm_cpu_idle_init
 .text.arch_cpu_idle
                0x0000000000001044       0x1c zephyr/arch/arch/arm/core/aarch32/libarch__arm__core__aarch32.a(cpu_idle.S.obj)
                0x0000000000001044                arch_cpu_idle
 .text.arch_cpu_atomic_idle
                0x0000000000001060       0x14 zephyr/arch/arch/arm/core/aarch32/libarch__arm__core__aarch32.a(cpu_idle.S.obj)
                0x0000000000001060                arch_cpu_atomic_idle
 .text.arch_irq_enable
                0x0000000000001074       0x1c zephyr/arch/arch/arm/core/aarch32/libarch__arm__core__aarch32.a(irq_manage.c.obj)
                0x0000000000001074                arch_irq_enable
 .text.arch_irq_is_enabled
                0x0000000000001090       0x1c zephyr/arch/arch/arm/core/aarch32/libarch__arm__core__aarch32.a(irq_manage.c.obj)
                0x0000000000001090                arch_irq_is_enabled
 .text.z_arm_irq_priority_set
                0x00000000000010ac       0x30 zephyr/arch/arch/arm/core/aarch32/libarch__arm__core__aarch32.a(irq_manage.c.obj)
                0x00000000000010ac                z_arm_irq_priority_set
 .text.z_SysNmiOnReset
                0x00000000000010dc        0x8 zephyr/arch/arch/arm/core/aarch32/libarch__arm__core__aarch32.a(nmi_on_reset.S.obj)
                0x00000000000010dc                z_SysNmiOnReset
 .text.z_arm_prep_c
                0x00000000000010e4       0x2c zephyr/arch/arch/arm/core/aarch32/libarch__arm__core__aarch32.a(prep_c.c.obj)
                0x00000000000010e4                z_arm_prep_c
 .text.arch_swap
                0x0000000000001110       0x34 zephyr/arch/arch/arm/core/aarch32/libarch__arm__core__aarch32.a(swap.c.obj)
                0x0000000000001110                arch_swap
 .text.z_arm_pendsv
                0x0000000000001144       0x54 zephyr/arch/arch/arm/core/aarch32/libarch__arm__core__aarch32.a(swap_helper.S.obj)
                0x0000000000001144                z_arm_pendsv
 .text.z_arm_svc
                0x0000000000001198       0x20 zephyr/arch/arch/arm/core/aarch32/libarch__arm__core__aarch32.a(swap_helper.S.obj)
                0x0000000000001198                z_arm_svc
 .text.arch_new_thread
                0x00000000000011b8       0x38 zephyr/arch/arch/arm/core/aarch32/libarch__arm__core__aarch32.a(thread.c.obj)
                0x00000000000011b8                arch_new_thread
 .text.z_check_thread_stack_fail
                0x00000000000011f0       0x2c zephyr/arch/arch/arm/core/aarch32/libarch__arm__core__aarch32.a(thread.c.obj)
                0x00000000000011f0                z_check_thread_stack_fail
 .text.arch_switch_to_main_thread
                0x000000000000121c       0x2c zephyr/arch/arch/arm/core/aarch32/libarch__arm__core__aarch32.a(thread.c.obj)
                0x000000000000121c                arch_switch_to_main_thread
 .text._isr_wrapper
                0x0000000000001248       0x40 zephyr/arch/arch/arm/core/aarch32/libarch__arm__core__aarch32.a(isr_wrapper.S.obj)
                0x0000000000001248                _isr_wrapper
 .text._HandlerModeExit
                0x0000000000001288       0x1c zephyr/arch/arch/arm/core/aarch32/cortex_m/libarch__arm__core__aarch32__cortex_m.a(exc_exit.S.obj)
                0x0000000000001288                z_arm_int_exit
                0x0000000000001288                z_arm_exc_exit
 .text.mem_manage_fault
                0x00000000000012a4       0x68 zephyr/arch/arch/arm/core/aarch32/cortex_m/libarch__arm__core__aarch32__cortex_m.a(fault.c.obj)
 .text.bus_fault.constprop.0
                0x000000000000130c       0x34 zephyr/arch/arch/arm/core/aarch32/cortex_m/libarch__arm__core__aarch32__cortex_m.a(fault.c.obj)
 .text.z_arm_fault
                0x0000000000001340      0x130 zephyr/arch/arch/arm/core/aarch32/cortex_m/libarch__arm__core__aarch32__cortex_m.a(fault.c.obj)
                0x0000000000001340                z_arm_fault
 .text.z_arm_fault_init
                0x0000000000001470       0x10 zephyr/arch/arch/arm/core/aarch32/cortex_m/libarch__arm__core__aarch32__cortex_m.a(fault.c.obj)
                0x0000000000001470                z_arm_fault_init
 .text.__fault  0x0000000000001480       0x14 zephyr/arch/arch/arm/core/aarch32/cortex_m/libarch__arm__core__aarch32__cortex_m.a(fault_s.S.obj)
                0x0000000000001480                z_arm_usage_fault
                0x0000000000001480                z_arm_mpu_fault
                0x0000000000001480                z_arm_exc_spurious
                0x0000000000001480                z_arm_debug_monitor
                0x0000000000001480                z_arm_hard_fault
                0x0000000000001480                z_arm_bus_fault
 .text.z_arm_interrupt_init
                0x0000000000001494       0x18 zephyr/arch/arch/arm/core/aarch32/cortex_m/libarch__arm__core__aarch32__cortex_m.a(irq_init.c.obj)
                0x0000000000001494                z_arm_interrupt_init
 .text._reset_section
                0x00000000000014ac       0x54 zephyr/arch/arch/arm/core/aarch32/cortex_m/libarch__arm__core__aarch32__cortex_m.a(reset.S.obj)
                0x00000000000014ac                __start
                0x00000000000014ac                z_arm_reset
 .text.z_arm_clear_arm_mpu_config
                0x0000000000001500       0x24 zephyr/arch/arch/arm/core/aarch32/cortex_m/libarch__arm__core__aarch32__cortex_m.a(scb.c.obj)
                0x0000000000001500                z_arm_clear_arm_mpu_config
 .text.z_arm_init_arch_hw_at_boot
                0x0000000000001524       0x64 zephyr/arch/arch/arm/core/aarch32/cortex_m/libarch__arm__core__aarch32__cortex_m.a(scb.c.obj)
                0x0000000000001524                z_arm_init_arch_hw_at_boot
 .text.z_impl_k_thread_abort
                0x0000000000001588       0x2c zephyr/arch/arch/arm/core/aarch32/cortex_m/libarch__arm__core__aarch32__cortex_m.a(thread_abort.c.obj)
                0x0000000000001588                z_impl_k_thread_abort
 .text.z_arm_configure_static_mpu_regions
                0x00000000000015b4       0x18 zephyr/arch/arch/arm/core/aarch32/mpu/libarch__arm__core__aarch32__mpu.a(arm_core_mpu.c.obj)
                0x00000000000015b4                z_arm_configure_static_mpu_regions
 .text.z_arm_configure_dynamic_mpu_regions
                0x00000000000015cc       0x20 zephyr/arch/arch/arm/core/aarch32/mpu/libarch__arm__core__aarch32__mpu.a(arm_core_mpu.c.obj)
                0x00000000000015cc                z_arm_configure_dynamic_mpu_regions
 .text.mpu_configure_regions
                0x00000000000015ec       0x88 zephyr/arch/arch/arm/core/aarch32/mpu/libarch__arm__core__aarch32__mpu.a(arm_mpu.c.obj)
 .text.arm_core_mpu_enable
                0x0000000000001674       0x18 zephyr/arch/arch/arm/core/aarch32/mpu/libarch__arm__core__aarch32__mpu.a(arm_mpu.c.obj)
                0x0000000000001674                arm_core_mpu_enable
 .text.arm_core_mpu_disable
                0x000000000000168c       0x14 zephyr/arch/arch/arm/core/aarch32/mpu/libarch__arm__core__aarch32__mpu.a(arm_mpu.c.obj)
                0x000000000000168c                arm_core_mpu_disable
 .text.arm_core_mpu_configure_static_mpu_regions
                0x00000000000016a0       0x14 zephyr/arch/arch/arm/core/aarch32/mpu/libarch__arm__core__aarch32__mpu.a(arm_mpu.c.obj)
                0x00000000000016a0                arm_core_mpu_configure_static_mpu_regions
 .text.arm_core_mpu_configure_dynamic_mpu_regions
                0x00000000000016b4       0x30 zephyr/arch/arch/arm/core/aarch32/mpu/libarch__arm__core__aarch32__mpu.a(arm_mpu.c.obj)
                0x00000000000016b4                arm_core_mpu_configure_dynamic_mpu_regions
 .text.z_arm_mpu_init
                0x00000000000016e4       0x60 zephyr/arch/arch/arm/core/aarch32/mpu/libarch__arm__core__aarch32__mpu.a(arm_mpu.c.obj)
                0x00000000000016e4                z_arm_mpu_init
 .text.__stdout_hook_install
                0x0000000000001744        0xc zephyr/lib/libc/minimal/liblib__libc__minimal.a(stdout_console.c.obj)
                0x0000000000001744                __stdout_hook_install
 .text.sys_arch_reboot
                0x0000000000001750       0x2c zephyr/soc/arm/nordic_nrf/nrf52/libsoc__arm__nordic_nrf__nrf52.a(soc.c.obj)
                0x0000000000001750                sys_arch_reboot
 .text.arch_busy_wait
                0x000000000000177c       0x14 zephyr/soc/arm/nordic_nrf/nrf52/libsoc__arm__nordic_nrf__nrf52.a(soc.c.obj)
                0x000000000000177c                arch_busy_wait
 .text.onoff_stop
                0x0000000000001790       0x30 zephyr/drivers/clock_control/libdrivers__clock_control.a(clock_control_nrf.c.obj)
 .text.onoff_start
                0x00000000000017c0       0x44 zephyr/drivers/clock_control/libdrivers__clock_control.a(clock_control_nrf.c.obj)
 .text.clk_init
                0x0000000000001804       0x60 zephyr/drivers/clock_control/libdrivers__clock_control.a(clock_control_nrf.c.obj)
 .text.clkstarted_handle.constprop.0
                0x0000000000001864       0x34 zephyr/drivers/clock_control/libdrivers__clock_control.a(clock_control_nrf.c.obj)
 .text.clock_event_handler
                0x0000000000001898       0x34 zephyr/drivers/clock_control/libdrivers__clock_control.a(clock_control_nrf.c.obj)
 .text.generic_hfclk_start
                0x00000000000018cc       0x64 zephyr/drivers/clock_control/libdrivers__clock_control.a(clock_control_nrf.c.obj)
 .text.api_blocking_start
                0x0000000000001930       0x34 zephyr/drivers/clock_control/libdrivers__clock_control.a(clock_control_nrf.c.obj)
 .text.generic_hfclk_stop
                0x0000000000001964       0x2c zephyr/drivers/clock_control/libdrivers__clock_control.a(clock_control_nrf.c.obj)
 .text.z_nrf_clock_control_get_onoff
                0x0000000000001990       0x10 zephyr/drivers/clock_control/libdrivers__clock_control.a(clock_control_nrf.c.obj)
                0x0000000000001990                z_nrf_clock_control_get_onoff
 .text.z_nrf_clock_control_lf_on
                0x00000000000019a0       0xb4 zephyr/drivers/clock_control/libdrivers__clock_control.a(clock_control_nrf.c.obj)
                0x00000000000019a0                z_nrf_clock_control_lf_on
 .text.start_cal_process
                0x0000000000001a54       0x48 zephyr/drivers/clock_control/libdrivers__clock_control.a(nrf_clock_calibration.c.obj)
 .text.start_cycle
                0x0000000000001a9c       0x38 zephyr/drivers/clock_control/libdrivers__clock_control.a(nrf_clock_calibration.c.obj)
 .text.measure_temperature
                0x0000000000001ad4       0x88 zephyr/drivers/clock_control/libdrivers__clock_control.a(nrf_clock_calibration.c.obj)
 .text.cal_hf_callback
                0x0000000000001b5c       0x2c zephyr/drivers/clock_control/libdrivers__clock_control.a(nrf_clock_calibration.c.obj)
 .text.z_nrf_clock_calibration_init
                0x0000000000001b88       0x1c zephyr/drivers/clock_control/libdrivers__clock_control.a(nrf_clock_calibration.c.obj)
                0x0000000000001b88                z_nrf_clock_calibration_init
 .text.z_nrf_clock_calibration_lfclk_started
                0x0000000000001ba4       0x10 zephyr/drivers/clock_control/libdrivers__clock_control.a(nrf_clock_calibration.c.obj)
                0x0000000000001ba4                z_nrf_clock_calibration_lfclk_started
 .text.z_nrf_clock_calibration_lfclk_stopped
                0x0000000000001bb4        0xc zephyr/drivers/clock_control/libdrivers__clock_control.a(nrf_clock_calibration.c.obj)
                0x0000000000001bb4                z_nrf_clock_calibration_lfclk_stopped
 .text.z_nrf_clock_calibration_done_handler
                0x0000000000001bc0       0x10 zephyr/drivers/clock_control/libdrivers__clock_control.a(nrf_clock_calibration.c.obj)
                0x0000000000001bc0                z_nrf_clock_calibration_done_handler
 .text.uart_console_init
                0x0000000000001bd0       0x28 zephyr/drivers/console/libdrivers__console.a(uart_console.c.obj)
 .text.console_out
                0x0000000000001bf8       0x28 zephyr/drivers/console/libdrivers__console.a(uart_console.c.obj)
 .text.gpio_nrfx_pin_interrupt_configure
                0x0000000000001c20       0xc8 zephyr/drivers/gpio/libdrivers__gpio.a(gpio_nrfx.c.obj)
 .text.gpio_nrfx_init
                0x0000000000001ce8       0x38 zephyr/drivers/gpio/libdrivers__gpio.a(gpio_nrfx.c.obj)
 .text.nrfx_gpio_handler
                0x0000000000001d20       0x3c zephyr/drivers/gpio/libdrivers__gpio.a(gpio_nrfx.c.obj)
 .text.gpio_nrfx_pin_configure
                0x0000000000001d5c      0x128 zephyr/drivers/gpio/libdrivers__gpio.a(gpio_nrfx.c.obj)
 .text.hfclk_on_callback
                0x0000000000001e84        0xc zephyr/drivers/sensor/nrf5/libdrivers__sensor__nrf5.a(temp_nrf5.c.obj)
 .text.temp_nrf5_channel_get
                0x0000000000001e90       0x2c zephyr/drivers/sensor/nrf5/libdrivers__sensor__nrf5.a(temp_nrf5.c.obj)
 .text.temp_nrf5_isr
                0x0000000000001ebc       0x18 zephyr/drivers/sensor/nrf5/libdrivers__sensor__nrf5.a(temp_nrf5.c.obj)
 .text.temp_nrf5_sample_fetch
                0x0000000000001ed4       0x78 zephyr/drivers/sensor/nrf5/libdrivers__sensor__nrf5.a(temp_nrf5.c.obj)
 .text.temp_nrf5_init
                0x0000000000001f4c       0x40 zephyr/drivers/sensor/nrf5/libdrivers__sensor__nrf5.a(temp_nrf5.c.obj)
 .text.uarte_nrfx_configure
                0x0000000000001f8c      0x168 zephyr/drivers/serial/libdrivers__serial.a(uart_nrfx_uarte.c.obj)
 .text.uarte_0_init
                0x00000000000020f4       0xfc zephyr/drivers/serial/libdrivers__serial.a(uart_nrfx_uarte.c.obj)
 .text.uarte_nrfx_poll_out
                0x00000000000021f0       0xcc zephyr/drivers/serial/libdrivers__serial.a(uart_nrfx_uarte.c.obj)
 .text.compare_int_lock
                0x00000000000022bc       0x48 zephyr/drivers/timer/libdrivers__timer.a(nrf_rtc_timer.c.obj)
 .text.sys_clock_timeout_handler
                0x0000000000002304       0x80 zephyr/drivers/timer/libdrivers__timer.a(nrf_rtc_timer.c.obj)
 .text.compare_int_unlock
                0x0000000000002384       0x5c zephyr/drivers/timer/libdrivers__timer.a(nrf_rtc_timer.c.obj)
 .text.z_nrf_rtc_timer_read
                0x00000000000023e0       0x44 zephyr/drivers/timer/libdrivers__timer.a(nrf_rtc_timer.c.obj)
                0x00000000000023e0                z_nrf_rtc_timer_read
 .text.compare_set
                0x0000000000002424      0x148 zephyr/drivers/timer/libdrivers__timer.a(nrf_rtc_timer.c.obj)
 .text.sys_clock_driver_init
                0x000000000000256c       0x80 zephyr/drivers/timer/libdrivers__timer.a(nrf_rtc_timer.c.obj)
 .text.rtc_nrf_isr
                0x00000000000025ec       0xe4 zephyr/drivers/timer/libdrivers__timer.a(nrf_rtc_timer.c.obj)
                0x00000000000025ec                rtc_nrf_isr
 .text.sys_clock_set_timeout
                0x00000000000026d0       0x64 zephyr/drivers/timer/libdrivers__timer.a(nrf_rtc_timer.c.obj)
                0x00000000000026d0                sys_clock_set_timeout
 .text.sys_clock_elapsed
                0x0000000000002734       0x14 zephyr/drivers/timer/libdrivers__timer.a(nrf_rtc_timer.c.obj)
                0x0000000000002734                sys_clock_elapsed
 .text.__NVIC_SystemReset
                0x0000000000002748       0x24 modules/hal_nordic/nrfx/libmodules__hal_nordic__nrfx.a(system_nrf52810.c.obj)
 .text.nrf52_errata_16
                0x000000000000276c       0x28 modules/hal_nordic/nrfx/libmodules__hal_nordic__nrfx.a(system_nrf52810.c.obj)
 .text.nrf52_configuration_249
                0x0000000000002794       0x34 modules/hal_nordic/nrfx/libmodules__hal_nordic__nrfx.a(system_nrf52810.c.obj)
 .text.nvmc_wait
                0x00000000000027c8       0x10 modules/hal_nordic/nrfx/libmodules__hal_nordic__nrfx.a(system_nrf52810.c.obj)
                0x00000000000027c8                nvmc_wait
 .text.SystemInit
                0x00000000000027d8      0x304 modules/hal_nordic/nrfx/libmodules__hal_nordic__nrfx.a(system_nrf52810.c.obj)
                0x00000000000027d8                SystemInit
 .text.nrfx_flag32_alloc
                0x0000000000002adc       0x40 modules/hal_nordic/nrfx/libmodules__hal_nordic__nrfx.a(nrfx_flag32_allocator.c.obj)
                0x0000000000002adc                nrfx_flag32_alloc
 .text.nrfx_flag32_free
                0x0000000000002b1c       0x40 modules/hal_nordic/nrfx/libmodules__hal_nordic__nrfx.a(nrfx_flag32_allocator.c.obj)
                0x0000000000002b1c                nrfx_flag32_free
 .text.clock_stop
                0x0000000000002b5c       0xc8 modules/hal_nordic/nrfx/libmodules__hal_nordic__nrfx.a(nrfx_clock.c.obj)
 .text.nrfx_clock_init
                0x0000000000002c24       0x24 modules/hal_nordic/nrfx/libmodules__hal_nordic__nrfx.a(nrfx_clock.c.obj)
                0x0000000000002c24                nrfx_clock_init
 .text.nrfx_clock_calibration_start
                0x0000000000002c48       0x5c modules/hal_nordic/nrfx/libmodules__hal_nordic__nrfx.a(nrfx_clock.c.obj)
                0x0000000000002c48                nrfx_clock_calibration_start
 .text.nrfx_power_clock_irq_handler
                0x0000000000002ca4       0x84 modules/hal_nordic/nrfx/libmodules__hal_nordic__nrfx.a(nrfx_clock.c.obj)
                0x0000000000002ca4                nrfx_power_clock_irq_handler
 .text.pin_in_use_by_te
                0x0000000000002d28       0x14 modules/hal_nordic/nrfx/libmodules__hal_nordic__nrfx.a(nrfx_gpiote.c.obj)
 .text.call_handler
                0x0000000000002d3c       0x3c modules/hal_nordic/nrfx/libmodules__hal_nordic__nrfx.a(nrfx_gpiote.c.obj)
 .text.release_handler
                0x0000000000002d78       0x54 modules/hal_nordic/nrfx/libmodules__hal_nordic__nrfx.a(nrfx_gpiote.c.obj)
 .text.pin_handler_trigger_uninit
                0x0000000000002dcc       0x38 modules/hal_nordic/nrfx/libmodules__hal_nordic__nrfx.a(nrfx_gpiote.c.obj)
 .text.nrfx_gpiote_input_configure
                0x0000000000002e04      0x15c modules/hal_nordic/nrfx/libmodules__hal_nordic__nrfx.a(nrfx_gpiote.c.obj)
                0x0000000000002e04                nrfx_gpiote_input_configure
 .text.nrfx_gpiote_output_configure
                0x0000000000002f60       0xfc modules/hal_nordic/nrfx/libmodules__hal_nordic__nrfx.a(nrfx_gpiote.c.obj)
                0x0000000000002f60                nrfx_gpiote_output_configure
 .text.nrfx_gpiote_global_callback_set
                0x000000000000305c        0xc modules/hal_nordic/nrfx/libmodules__hal_nordic__nrfx.a(nrfx_gpiote.c.obj)
                0x000000000000305c                nrfx_gpiote_global_callback_set
 .text.nrfx_gpiote_channel_get
                0x0000000000003068       0x2c modules/hal_nordic/nrfx/libmodules__hal_nordic__nrfx.a(nrfx_gpiote.c.obj)
                0x0000000000003068                nrfx_gpiote_channel_get
 .text.nrfx_gpiote_init
                0x0000000000003094       0x50 modules/hal_nordic/nrfx/libmodules__hal_nordic__nrfx.a(nrfx_gpiote.c.obj)
                0x0000000000003094                nrfx_gpiote_init
 .text.nrfx_gpiote_is_init
                0x00000000000030e4       0x14 modules/hal_nordic/nrfx/libmodules__hal_nordic__nrfx.a(nrfx_gpiote.c.obj)
                0x00000000000030e4                nrfx_gpiote_is_init
 .text.nrfx_gpiote_channel_free
                0x00000000000030f8        0xc modules/hal_nordic/nrfx/libmodules__hal_nordic__nrfx.a(nrfx_gpiote.c.obj)
                0x00000000000030f8                nrfx_gpiote_channel_free
 .text.nrfx_gpiote_channel_alloc
                0x0000000000003104        0xc modules/hal_nordic/nrfx/libmodules__hal_nordic__nrfx.a(nrfx_gpiote.c.obj)
                0x0000000000003104                nrfx_gpiote_channel_alloc
 .text.nrfx_gpiote_trigger_enable
                0x0000000000003110       0x88 modules/hal_nordic/nrfx/libmodules__hal_nordic__nrfx.a(nrfx_gpiote.c.obj)
                0x0000000000003110                nrfx_gpiote_trigger_enable
 .text.nrfx_gpiote_trigger_disable
                0x0000000000003198       0x50 modules/hal_nordic/nrfx/libmodules__hal_nordic__nrfx.a(nrfx_gpiote.c.obj)
                0x0000000000003198                nrfx_gpiote_trigger_disable
 .text.nrfx_gpiote_pin_uninit
                0x00000000000031e8       0x44 modules/hal_nordic/nrfx/libmodules__hal_nordic__nrfx.a(nrfx_gpiote.c.obj)
                0x00000000000031e8                nrfx_gpiote_pin_uninit
 .text.nrfx_gpiote_irq_handler
                0x000000000000322c      0x154 modules/hal_nordic/nrfx/libmodules__hal_nordic__nrfx.a(nrfx_gpiote.c.obj)
                0x000000000000322c                nrfx_gpiote_irq_handler
 .text.nrfx_ppi_channel_alloc
                0x0000000000003380        0xc modules/hal_nordic/nrfx/libmodules__hal_nordic__nrfx.a(nrfx_ppi.c.obj)
                0x0000000000003380                nrfx_ppi_channel_alloc
 .text.z_sys_init_run_level
                0x000000000000338c       0x44 zephyr/kernel/libkernel.a(init.c.obj)
 .text.bg_thread_main
                0x00000000000033d0       0x34 zephyr/kernel/libkernel.a(init.c.obj)
 .text.z_bss_zero
                0x0000000000003404       0x18 zephyr/kernel/libkernel.a(init.c.obj)
                0x0000000000003404                z_bss_zero
 .text.z_init_cpu
                0x000000000000341c       0x70 zephyr/kernel/libkernel.a(init.c.obj)
                0x000000000000341c                z_init_cpu
 .text.z_cstart
                0x000000000000348c       0xd8 zephyr/kernel/libkernel.a(init.c.obj)
                0x000000000000348c                z_cstart
 .text.z_setup_new_thread
                0x0000000000003564       0x64 zephyr/kernel/libkernel.a(thread.c.obj)
                0x0000000000003564                z_setup_new_thread
 .text.z_impl_k_thread_create
                0x00000000000035c8       0x58 zephyr/kernel/libkernel.a(thread.c.obj)
                0x00000000000035c8                z_impl_k_thread_create
 .text.z_init_static_threads
                0x0000000000003620       0xb8 zephyr/kernel/libkernel.a(thread.c.obj)
                0x0000000000003620                z_init_static_threads
 .text.idle     0x00000000000036d8       0x38 zephyr/kernel/libkernel.a(idle.c.obj)
                0x00000000000036d8                idle
 .text.z_impl_k_mutex_lock
                0x0000000000003710       0xf4 zephyr/kernel/libkernel.a(mutex.c.obj)
                0x0000000000003710                z_impl_k_mutex_lock
 .text.z_impl_k_mutex_unlock
                0x0000000000003804       0x78 zephyr/kernel/libkernel.a(mutex.c.obj)
                0x0000000000003804                z_impl_k_mutex_unlock
 .text.z_impl_k_sem_give
                0x000000000000387c       0x40 zephyr/kernel/libkernel.a(sem.c.obj)
                0x000000000000387c                z_impl_k_sem_give
 .text.z_impl_k_sem_take
                0x00000000000038bc       0x50 zephyr/kernel/libkernel.a(sem.c.obj)
                0x00000000000038bc                z_impl_k_sem_take
 .text.work_queue_main
                0x000000000000390c      0x138 zephyr/kernel/libkernel.a(work.c.obj)
 .text.submit_to_queue_locked
                0x0000000000003a44       0xb4 zephyr/kernel/libkernel.a(work.c.obj)
 .text.k_work_submit
                0x0000000000003af8        0xc zephyr/kernel/libkernel.a(work.c.obj)
                0x0000000000003af8                k_work_submit
 .text.k_work_queue_start
                0x0000000000003b04       0x70 zephyr/kernel/libkernel.a(work.c.obj)
                0x0000000000003b04                k_work_queue_start
 .text.z_reset_time_slice
                0x0000000000003b74       0x28 zephyr/kernel/libkernel.a(sched.c.obj)
                0x0000000000003b74                z_reset_time_slice
 .text.update_cache
                0x0000000000003b9c       0x3c zephyr/kernel/libkernel.a(sched.c.obj)
 .text.move_thread_to_end_of_prio_q
                0x0000000000003bd8       0x74 zephyr/kernel/libkernel.a(sched.c.obj)
 .text.ready_thread
                0x0000000000003c4c       0x68 zephyr/kernel/libkernel.a(sched.c.obj)
 .text.unready_thread
                0x0000000000003cb4       0x30 zephyr/kernel/libkernel.a(sched.c.obj)
 .text.pend_locked
                0x0000000000003ce4       0x30 zephyr/kernel/libkernel.a(sched.c.obj)
 .text.k_sched_time_slice_set
                0x0000000000003d14       0x64 zephyr/kernel/libkernel.a(sched.c.obj)
                0x0000000000003d14                k_sched_time_slice_set
 .text.z_time_slice
                0x0000000000003d78       0x84 zephyr/kernel/libkernel.a(sched.c.obj)
                0x0000000000003d78                z_time_slice
 .text.z_pend_curr
                0x0000000000003dfc       0x3c zephyr/kernel/libkernel.a(sched.c.obj)
                0x0000000000003dfc                z_pend_curr
 .text.z_set_prio
                0x0000000000003e38       0x8c zephyr/kernel/libkernel.a(sched.c.obj)
                0x0000000000003e38                z_set_prio
 .text.z_reschedule
                0x0000000000003ec4       0x24 zephyr/kernel/libkernel.a(sched.c.obj)
                0x0000000000003ec4                z_reschedule
 .text.z_sched_start
                0x0000000000003ee8       0x3c zephyr/kernel/libkernel.a(sched.c.obj)
                0x0000000000003ee8                z_sched_start
 .text.z_impl_k_thread_suspend
                0x0000000000003f24       0x64 zephyr/kernel/libkernel.a(sched.c.obj)
                0x0000000000003f24                z_impl_k_thread_suspend
 .text.k_sched_lock
                0x0000000000003f88       0x28 zephyr/kernel/libkernel.a(sched.c.obj)
                0x0000000000003f88                k_sched_lock
 .text.k_sched_unlock
                0x0000000000003fb0       0x38 zephyr/kernel/libkernel.a(sched.c.obj)
                0x0000000000003fb0                k_sched_unlock
 .text.z_sched_init
                0x0000000000003fe8       0x18 zephyr/kernel/libkernel.a(sched.c.obj)
                0x0000000000003fe8                z_sched_init
 .text.z_impl_k_yield
                0x0000000000004000       0x7c zephyr/kernel/libkernel.a(sched.c.obj)
                0x0000000000004000                z_impl_k_yield
 .text.z_tick_sleep
                0x000000000000407c       0x88 zephyr/kernel/libkernel.a(sched.c.obj)
 .text.z_impl_k_sleep
                0x0000000000004104       0x34 zephyr/kernel/libkernel.a(sched.c.obj)
                0x0000000000004104                z_impl_k_sleep
 .text.z_impl_z_current_get
                0x0000000000004138        0xc zephyr/kernel/libkernel.a(sched.c.obj)
                0x0000000000004138                z_impl_z_current_get
 .text.z_thread_abort
                0x0000000000004144       0xc0 zephyr/kernel/libkernel.a(sched.c.obj)
                0x0000000000004144                z_thread_abort
 .text.z_sched_wait
                0x0000000000004204       0x24 zephyr/kernel/libkernel.a(sched.c.obj)
                0x0000000000004204                z_sched_wait
 .text.z_data_copy
                0x0000000000004228       0x34 zephyr/kernel/libkernel.a(xip.c.obj)
                0x0000000000004228                z_data_copy
 .text.elapsed  0x000000000000425c       0x14 zephyr/kernel/libkernel.a(timeout.c.obj)
 .text.next_timeout
                0x0000000000004270       0x50 zephyr/kernel/libkernel.a(timeout.c.obj)
 .text.remove_timeout
                0x00000000000042c0       0x38 zephyr/kernel/libkernel.a(timeout.c.obj)
 .text.z_add_timeout
                0x00000000000042f8       0xfc zephyr/kernel/libkernel.a(timeout.c.obj)
                0x00000000000042f8                z_add_timeout
 .text.sys_clock_announce
                0x00000000000043f4       0xb4 zephyr/kernel/libkernel.a(timeout.c.obj)
                0x00000000000043f4                sys_clock_announce
 .text.sys_clock_tick_get
                0x00000000000044a8       0x34 zephyr/kernel/libkernel.a(timeout.c.obj)
                0x00000000000044a8                sys_clock_tick_get
 .text.z_timer_expiration_handler
                0x00000000000044dc       0xd4 zephyr/kernel/libkernel.a(timer.c.obj)
                0x00000000000044dc                z_timer_expiration_handler
 .text.z_impl_k_timer_start
                0x00000000000045b0       0x98 zephyr/kernel/libkernel.a(timer.c.obj)
                0x00000000000045b0                z_impl_k_timer_start
 .text.boot_banner
                0x0000000000004648        0xc zephyr/kernel/libkernel.a(banner.c.obj)
                0x0000000000004648                boot_banner
 .text.k_sys_work_q_init
                0x0000000000004654       0x34 zephyr/kernel/libkernel.a(system_work_q.c.obj)
 .text.k_msleep.constprop.0.isra.0
                0x0000000000004688        0xa app/libapp.a(main.c.obj)
 .text.arch_printk_char_out
                0x0000000000004692        0x4 zephyr/libzephyr.a(printk.c.obj)
                0x0000000000004692                arch_printk_char_out
 .text.printk   0x0000000000004696       0x1a zephyr/libzephyr.a(printk.c.obj)
                0x0000000000004696                printk
 .text.z_thread_entry
                0x00000000000046b0       0x14 zephyr/libzephyr.a(thread_entry.c.obj)
                0x00000000000046b0                z_thread_entry
 .text.process_recheck
                0x00000000000046c4       0x38 zephyr/libzephyr.a(onoff.c.obj)
 .text.validate_args
                0x00000000000046fc       0x20 zephyr/libzephyr.a(onoff.c.obj)
 .text.notify_one
                0x000000000000471c       0x2c zephyr/libzephyr.a(onoff.c.obj)
 .text.transition_complete
                0x0000000000004748       0x1c zephyr/libzephyr.a(onoff.c.obj)
 .text.onoff_manager_init
                0x0000000000004764       0x26 zephyr/libzephyr.a(onoff.c.obj)
                0x0000000000004764                onoff_manager_init
 .text.onoff_request
                0x000000000000478a       0xb0 zephyr/libzephyr.a(onoff.c.obj)
                0x000000000000478a                onoff_request
 .text.onoff_release
                0x000000000000483a       0x4a zephyr/libzephyr.a(onoff.c.obj)
                0x000000000000483a                onoff_release
 .text.sys_notify_validate
                0x0000000000004884       0x22 zephyr/libzephyr.a(notify.c.obj)
                0x0000000000004884                sys_notify_validate
 .text.sys_notify_finalize
                0x00000000000048a6       0x1a zephyr/libzephyr.a(notify.c.obj)
                0x00000000000048a6                sys_notify_finalize
 .text.encode_uint
                0x00000000000048c0       0x8c zephyr/libzephyr.a(cbprintf_complete.c.obj)
 .text.outs     0x000000000000494c       0x2e zephyr/libzephyr.a(cbprintf_complete.c.obj)
 .text._ConfigAbsSyms
                0x000000000000497a        0x2 zephyr/libzephyr.a(configs.c.obj)
                0x000000000000497a                _ConfigAbsSyms
 .text.z_arm_fatal_error
                0x000000000000497c        0x4 zephyr/arch/arch/arm/core/aarch32/libarch__arm__core__aarch32.a(fatal.c.obj)
                0x000000000000497c                z_arm_fatal_error
 .text.z_do_kernel_oops
                0x0000000000004980        0x8 zephyr/arch/arch/arm/core/aarch32/libarch__arm__core__aarch32.a(fatal.c.obj)
                0x0000000000004980                z_do_kernel_oops
 .text.z_irq_spurious
                0x0000000000004988        0x8 zephyr/arch/arch/arm/core/aarch32/libarch__arm__core__aarch32.a(irq_manage.c.obj)
                0x0000000000004988                z_irq_spurious
 .text.z_arm_nmi
                0x0000000000004990        0xe zephyr/arch/arch/arm/core/aarch32/libarch__arm__core__aarch32.a(nmi.c.obj)
                0x0000000000004990                z_arm_nmi
 .text.strlen   0x000000000000499e        0xe zephyr/lib/libc/minimal/liblib__libc__minimal.a(string.c.obj)
                0x000000000000499e                strlen
 .text.strnlen  0x00000000000049ac       0x12 zephyr/lib/libc/minimal/liblib__libc__minimal.a(string.c.obj)
                0x00000000000049ac                strnlen
 .text.memcpy   0x00000000000049be       0x16 zephyr/lib/libc/minimal/liblib__libc__minimal.a(string.c.obj)
                0x00000000000049be                memcpy
 .text.memset   0x00000000000049d4       0x12 zephyr/lib/libc/minimal/liblib__libc__minimal.a(string.c.obj)
                0x00000000000049d4                memset
 .text._stdout_hook_default
                0x00000000000049e6        0x6 zephyr/lib/libc/minimal/liblib__libc__minimal.a(stdout_console.c.obj)
 .text.nordicsemi_nrf52_init
                0x00000000000049ec       0x26 zephyr/soc/arm/nordic_nrf/nrf52/libsoc__arm__nordic_nrf__nrf52.a(soc.c.obj)
 .text.pm_state_set
                0x0000000000004a12       0x18 zephyr/soc/arm/nordic_nrf/nrf52/libsoc__arm__nordic_nrf__nrf52.a(power.c.obj)
                0x0000000000004a12                pm_state_set
 .text.pm_state_exit_post_ops
                0x0000000000004a2a        0xc zephyr/soc/arm/nordic_nrf/nrf52/libsoc__arm__nordic_nrf__nrf52.a(power.c.obj)
                0x0000000000004a2a                pm_state_exit_post_ops
 .text.get_status
                0x0000000000004a36       0x12 zephyr/drivers/clock_control/libdrivers__clock_control.a(clock_control_nrf.c.obj)
 .text.set_on_state
                0x0000000000004a48       0x26 zephyr/drivers/clock_control/libdrivers__clock_control.a(clock_control_nrf.c.obj)
 .text.stop     0x0000000000004a6e       0x54 zephyr/drivers/clock_control/libdrivers__clock_control.a(clock_control_nrf.c.obj)
 .text.api_stop
                0x0000000000004ac2        0x6 zephyr/drivers/clock_control/libdrivers__clock_control.a(clock_control_nrf.c.obj)
 .text.async_start
                0x0000000000004ac8       0x5e zephyr/drivers/clock_control/libdrivers__clock_control.a(clock_control_nrf.c.obj)
 .text.api_start
                0x0000000000004b26        0xe zephyr/drivers/clock_control/libdrivers__clock_control.a(clock_control_nrf.c.obj)
 .text.onoff_started_callback
                0x0000000000004b34       0x12 zephyr/drivers/clock_control/libdrivers__clock_control.a(clock_control_nrf.c.obj)
 .text.lfclk_start
                0x0000000000004b46        0x6 zephyr/drivers/clock_control/libdrivers__clock_control.a(clock_control_nrf.c.obj)
 .text.blocking_start_callback
                0x0000000000004b4c        0x6 zephyr/drivers/clock_control/libdrivers__clock_control.a(clock_control_nrf.c.obj)
 .text.lfclk_stop
                0x0000000000004b52       0x10 zephyr/drivers/clock_control/libdrivers__clock_control.a(clock_control_nrf.c.obj)
 .text.timeout_handler
                0x0000000000004b62        0x4 zephyr/drivers/clock_control/libdrivers__clock_control.a(nrf_clock_calibration.c.obj)
 .text.gpio_nrfx_port_get_raw
                0x0000000000004b66        0xe zephyr/drivers/gpio/libdrivers__gpio.a(gpio_nrfx.c.obj)
 .text.gpio_nrfx_port_set_masked_raw
                0x0000000000004b74       0x18 zephyr/drivers/gpio/libdrivers__gpio.a(gpio_nrfx.c.obj)
 .text.gpio_nrfx_port_set_bits_raw
                0x0000000000004b8c        0xc zephyr/drivers/gpio/libdrivers__gpio.a(gpio_nrfx.c.obj)
 .text.gpio_nrfx_port_clear_bits_raw
                0x0000000000004b98        0xc zephyr/drivers/gpio/libdrivers__gpio.a(gpio_nrfx.c.obj)
 .text.gpio_nrfx_port_toggle_bits
                0x0000000000004ba4       0x1a zephyr/drivers/gpio/libdrivers__gpio.a(gpio_nrfx.c.obj)
 .text.gpio_nrfx_manage_callback
                0x0000000000004bbe       0x52 zephyr/drivers/gpio/libdrivers__gpio.a(gpio_nrfx.c.obj)
 .text.uarte_nrfx_config_get
                0x0000000000004c10       0x10 zephyr/drivers/serial/libdrivers__serial.a(uart_nrfx_uarte.c.obj)
 .text.uarte_nrfx_err_check
                0x0000000000004c20        0xe zephyr/drivers/serial/libdrivers__serial.a(uart_nrfx_uarte.c.obj)
 .text.uarte_nrfx_poll_in
                0x0000000000004c2e       0x28 zephyr/drivers/serial/libdrivers__serial.a(uart_nrfx_uarte.c.obj)
 .text.is_tx_ready.isra.0
                0x0000000000004c56       0x20 zephyr/drivers/serial/libdrivers__serial.a(uart_nrfx_uarte.c.obj)
 .text.uarte_nrfx_isr_int
                0x0000000000004c76       0x72 zephyr/drivers/serial/libdrivers__serial.a(uart_nrfx_uarte.c.obj)
 .text.sys_clock_idle_exit
                0x0000000000004ce8        0x2 zephyr/drivers/timer/libdrivers__timer.a(sys_clock_init.c.obj)
                0x0000000000004ce8                sys_clock_idle_exit
 .text.pinctrl_lookup_state
                0x0000000000004cea       0x2c zephyr/drivers/pinctrl/libdrivers__pinctrl.a(common.c.obj)
                0x0000000000004cea                pinctrl_lookup_state
 .text.pinctrl_configure_pins
                0x0000000000004d16       0xdc zephyr/drivers/pinctrl/libdrivers__pinctrl.a(pinctrl_nrf.c.obj)
                0x0000000000004d16                pinctrl_configure_pins
 .text.k_sys_fatal_error_handler
                0x0000000000004df2        0x8 modules/nrf/lib/fatal_error/lib..__nrf__lib__fatal_error.a(fatal_error.c.obj)
                0x0000000000004df2                k_sys_fatal_error_handler
 .text.nrf52_errata_31
                0x0000000000004dfa       0x26 modules/hal_nordic/nrfx/libmodules__hal_nordic__nrfx.a(system_nrf52810.c.obj)
 .text.nrfx_isr
                0x0000000000004e20        0x2 modules/hal_nordic/nrfx/libmodules__hal_nordic__nrfx.a(nrfx_glue.c.obj)
                0x0000000000004e20                nrfx_isr
 .text.nrfx_busy_wait
                0x0000000000004e22        0x4 modules/hal_nordic/nrfx/libmodules__hal_nordic__nrfx.a(nrfx_glue.c.obj)
                0x0000000000004e22                nrfx_busy_wait
 .text.nrfx_clock_enable
                0x0000000000004e26       0x1a modules/hal_nordic/nrfx/libmodules__hal_nordic__nrfx.a(nrfx_clock.c.obj)
                0x0000000000004e26                nrfx_clock_enable
 .text.nrfx_clock_start
                0x0000000000004e40       0x70 modules/hal_nordic/nrfx/libmodules__hal_nordic__nrfx.a(nrfx_clock.c.obj)
                0x0000000000004e40                nrfx_clock_start
 .text.nrfx_clock_stop
                0x0000000000004eb0        0x4 modules/hal_nordic/nrfx/libmodules__hal_nordic__nrfx.a(nrfx_clock.c.obj)
                0x0000000000004eb0                nrfx_clock_stop
 .text.nrf_gpio_cfg_sense_set
                0x0000000000004eb4       0x1c modules/hal_nordic/nrfx/libmodules__hal_nordic__nrfx.a(nrfx_gpiote.c.obj)
 .text.z_device_state_init
                0x0000000000004ed0        0x2 zephyr/kernel/libkernel.a(device.c.obj)
                0x0000000000004ed0                z_device_state_init
 .text.z_device_is_ready
                0x0000000000004ed2       0x16 zephyr/kernel/libkernel.a(device.c.obj)
                0x0000000000004ed2                z_device_is_ready
 .text.z_fatal_error
                0x0000000000004ee8       0x36 zephyr/kernel/libkernel.a(fatal.c.obj)
                0x0000000000004ee8                z_fatal_error
 .text.z_early_memset
                0x0000000000004f1e        0x4 zephyr/kernel/libkernel.a(init.c.obj)
                0x0000000000004f1e                z_early_memset
 .text.z_early_memcpy
                0x0000000000004f22        0x4 zephyr/kernel/libkernel.a(init.c.obj)
                0x0000000000004f22                z_early_memcpy
 .text.k_is_in_isr
                0x0000000000004f26        0xc zephyr/kernel/libkernel.a(thread.c.obj)
                0x0000000000004f26                k_is_in_isr
 .text.z_impl_k_thread_name_set
                0x0000000000004f32        0x6 zephyr/kernel/libkernel.a(thread.c.obj)
                0x0000000000004f32                z_impl_k_thread_name_set
 .text.z_impl_k_thread_start
                0x0000000000004f38        0x4 zephyr/kernel/libkernel.a(thread.c.obj)
                0x0000000000004f38                z_impl_k_thread_start
 .text.z_pm_save_idle_exit
                0x0000000000004f3c        0xe zephyr/kernel/libkernel.a(idle.c.obj)
                0x0000000000004f3c                z_pm_save_idle_exit
 .text.adjust_owner_prio.isra.0
                0x0000000000004f4a       0x10 zephyr/kernel/libkernel.a(mutex.c.obj)
 .text.z_impl_k_mutex_init
                0x0000000000004f5a        0xe zephyr/kernel/libkernel.a(mutex.c.obj)
                0x0000000000004f5a                z_impl_k_mutex_init
 .text.z_impl_k_sem_init
                0x0000000000004f68       0x18 zephyr/kernel/libkernel.a(sem.c.obj)
                0x0000000000004f68                z_impl_k_sem_init
 .text.flag_test_and_clear
                0x0000000000004f80       0x16 zephyr/kernel/libkernel.a(work.c.obj)
 .text.notify_queue_locked.isra.0
                0x0000000000004f96        0xe zephyr/kernel/libkernel.a(work.c.obj)
 .text.z_work_submit_to_queue
                0x0000000000004fa4       0x28 zephyr/kernel/libkernel.a(work.c.obj)
                0x0000000000004fa4                z_work_submit_to_queue
 .text.k_work_submit_to_queue
                0x0000000000004fcc       0x22 zephyr/kernel/libkernel.a(work.c.obj)
                0x0000000000004fcc                k_work_submit_to_queue
 .text.sys_dlist_remove
                0x0000000000004fee       0x10 zephyr/kernel/libkernel.a(sched.c.obj)
 .text.unpend_thread_no_timeout
                0x0000000000004ffe       0x14 zephyr/kernel/libkernel.a(sched.c.obj)
 .text.z_thread_timeout
                0x0000000000005012       0x44 zephyr/kernel/libkernel.a(sched.c.obj)
                0x0000000000005012                z_thread_timeout
 .text.add_to_waitq_locked
                0x0000000000005056       0x50 zephyr/kernel/libkernel.a(sched.c.obj)
 .text.z_ready_thread
                0x00000000000050a6       0x20 zephyr/kernel/libkernel.a(sched.c.obj)
                0x00000000000050a6                z_ready_thread
 .text.z_unpend_thread_no_timeout
                0x00000000000050c6       0x20 zephyr/kernel/libkernel.a(sched.c.obj)
                0x00000000000050c6                z_unpend_thread_no_timeout
 .text.z_unpend1_no_timeout
                0x00000000000050e6       0x2e zephyr/kernel/libkernel.a(sched.c.obj)
                0x00000000000050e6                z_unpend1_no_timeout
 .text.z_unpend_first_thread
                0x0000000000005114       0x38 zephyr/kernel/libkernel.a(sched.c.obj)
                0x0000000000005114                z_unpend_first_thread
 .text.z_reschedule_irqlock
                0x000000000000514c       0x18 zephyr/kernel/libkernel.a(sched.c.obj)
                0x000000000000514c                z_reschedule_irqlock
 .text.z_reschedule_unlocked
                0x0000000000005164       0x14 zephyr/kernel/libkernel.a(sched.c.obj)
 .text.z_sched_wake
                0x0000000000005178       0x46 zephyr/kernel/libkernel.a(sched.c.obj)
                0x0000000000005178                z_sched_wake
 .text.z_abort_timeout
                0x00000000000051be       0x2c zephyr/kernel/libkernel.a(timeout.c.obj)
                0x00000000000051be                z_abort_timeout
 .text.z_get_next_timeout_expiry
                0x00000000000051ea       0x20 zephyr/kernel/libkernel.a(timeout.c.obj)
                0x00000000000051ea                z_get_next_timeout_expiry
 .text.z_set_timeout_expiry
                0x000000000000520a       0x38 zephyr/kernel/libkernel.a(timeout.c.obj)
                0x000000000000520a                z_set_timeout_expiry
 .text.sys_clock_tick_get_32
                0x0000000000005242        0x8 zephyr/kernel/libkernel.a(timeout.c.obj)
                0x0000000000005242                sys_clock_tick_get_32
 .text.z_impl_k_uptime_ticks
                0x000000000000524a        0x4 zephyr/kernel/libkernel.a(timeout.c.obj)
                0x000000000000524a                z_impl_k_uptime_ticks
 .text.z_impl_k_busy_wait
                0x000000000000524e        0x8 zephyr/kernel/libkernel.a(timeout.c.obj)
                0x000000000000524e                z_impl_k_busy_wait
 .text.z_impl_k_timer_stop
                0x0000000000005256       0x3a zephyr/kernel/libkernel.a(timer.c.obj)
                0x0000000000005256                z_impl_k_timer_stop
 .text._OffsetAbsSyms
                0x0000000000005290        0x2 zephyr/CMakeFiles/offsets.dir/./arch/arm/core/offsets/offsets.c.obj
                0x0000000000005290                _OffsetAbsSyms
 *(SORT_BY_ALIGNMENT(.TEXT.*))
 *(SORT_BY_ALIGNMENT(.gnu.linkonce.t.*))
 *(SORT_BY_ALIGNMENT(.glue_7t))
 .glue_7t       0x0000000000005292        0x0 linker stubs
 *(SORT_BY_ALIGNMENT(.glue_7))
 .glue_7        0x0000000000005292        0x0 linker stubs
 *(SORT_BY_ALIGNMENT(.vfp11_veneer))
 .vfp11_veneer  0x0000000000005292        0x0 linker stubs
 *(SORT_BY_ALIGNMENT(.v4_bx))
 .v4_bx         0x0000000000005292        0x0 linker stubs
                0x0000000000005294                . = ALIGN (0x4)
 *fill*         0x0000000000005292        0x2 
                0x0000000000005294                __text_region_end = .

.ARM.exidx      0x0000000000005294        0x8
                0x0000000000005294                __exidx_start = .
 *(SORT_BY_ALIGNMENT(.ARM.exidx*) SORT_BY_ALIGNMENT(gnu.linkonce.armexidx.*))
 .ARM.exidx     0x0000000000005294        0x8 c:/nordicsemi/toolchains/v2.2.0/opt/zephyr-sdk/arm-zephyr-eabi/bin/../lib/gcc/arm-zephyr-eabi/12.1.0/thumb/v7e-m/nofp\libgcc.a(_udivmoddi4.o)
                0x000000000000529c                __exidx_end = .
                0x000000000000529c                __rodata_region_start = .

initlevel       0x000000000000529c       0x40
                0x000000000000529c                __init_start = .
                0x000000000000529c                __init_EARLY_start = .
 *(SORT_BY_NAME(SORT_BY_ALIGNMENT(.z_init_EARLY[0-9]_*)))
 *(SORT_BY_NAME(SORT_BY_ALIGNMENT(.z_init_EARLY[1-9][0-9]_*)))
                0x000000000000529c                __init_PRE_KERNEL_1_start = .
 *(SORT_BY_NAME(SORT_BY_ALIGNMENT(.z_init_PRE_KERNEL_1[0-9]_*)))
 .z_init_PRE_KERNEL_10_
                0x000000000000529c        0x8 zephyr/soc/arm/nordic_nrf/nrf52/libsoc__arm__nordic_nrf__nrf52.a(soc.c.obj)
 *(SORT_BY_NAME(SORT_BY_ALIGNMENT(.z_init_PRE_KERNEL_1[1-9][0-9]_*)))
 .z_init_PRE_KERNEL_130_
                0x00000000000052a4        0x8 zephyr/drivers/clock_control/libdrivers__clock_control.a(clock_control_nrf.c.obj)
 .z_init_PRE_KERNEL_140_
                0x00000000000052ac        0x8 zephyr/drivers/gpio/libdrivers__gpio.a(gpio_nrfx.c.obj)
 .z_init_PRE_KERNEL_155_
                0x00000000000052b4        0x8 zephyr/drivers/serial/libdrivers__serial.a(uart_nrfx_uarte.c.obj)
 .z_init_PRE_KERNEL_160_
                0x00000000000052bc        0x8 zephyr/drivers/console/libdrivers__console.a(uart_console.c.obj)
                0x00000000000052c4                __init_PRE_KERNEL_2_start = .
 *(SORT_BY_NAME(SORT_BY_ALIGNMENT(.z_init_PRE_KERNEL_2[0-9]_*)))
 .z_init_PRE_KERNEL_20_
                0x00000000000052c4        0x8 zephyr/drivers/timer/libdrivers__timer.a(nrf_rtc_timer.c.obj)
 *(SORT_BY_NAME(SORT_BY_ALIGNMENT(.z_init_PRE_KERNEL_2[1-9][0-9]_*)))
                0x00000000000052cc                __init_POST_KERNEL_start = .
 *(SORT_BY_NAME(SORT_BY_ALIGNMENT(.z_init_POST_KERNEL[0-9]_*)))
 *(SORT_BY_NAME(SORT_BY_ALIGNMENT(.z_init_POST_KERNEL[1-9][0-9]_*)))
 .z_init_POST_KERNEL40_
                0x00000000000052cc        0x8 zephyr/kernel/libkernel.a(system_work_q.c.obj)
 .z_init_POST_KERNEL90_
                0x00000000000052d4        0x8 zephyr/drivers/sensor/nrf5/libdrivers__sensor__nrf5.a(temp_nrf5.c.obj)
                0x00000000000052dc                __init_APPLICATION_start = .
 *(SORT_BY_NAME(SORT_BY_ALIGNMENT(.z_init_APPLICATION[0-9]_*)))
 *(SORT_BY_NAME(SORT_BY_ALIGNMENT(.z_init_APPLICATION[1-9][0-9]_*)))
                0x00000000000052dc                __init_SMP_start = .
 *(SORT_BY_NAME(SORT_BY_ALIGNMENT(.z_init_SMP[0-9]_*)))
 *(SORT_BY_NAME(SORT_BY_ALIGNMENT(.z_init_SMP[1-9][0-9]_*)))
                0x00000000000052dc                __init_end = .

devices         0x00000000000052dc       0x60
                0x00000000000052dc                __device_start = .
                0x00000000000052dc                __device_EARLY_start = .
 *(SORT_BY_NAME(SORT_BY_ALIGNMENT(.z_device_EARLY[0-9]_*)))
 *(SORT_BY_NAME(SORT_BY_ALIGNMENT(.z_device_EARLY[1-9][0-9]_*)))
                0x00000000000052dc                __device_PRE_KERNEL_1_start = .
 *(SORT_BY_NAME(SORT_BY_ALIGNMENT(.z_device_PRE_KERNEL_1[0-9]_*)))
 *(SORT_BY_NAME(SORT_BY_ALIGNMENT(.z_device_PRE_KERNEL_1[1-9][0-9]_*)))
 .z_device_PRE_KERNEL_130_
                0x00000000000052dc       0x18 zephyr/drivers/clock_control/libdrivers__clock_control.a(clock_control_nrf.c.obj)
                0x00000000000052dc                __device_dts_ord_38
 .z_device_PRE_KERNEL_140_
                0x00000000000052f4       0x18 zephyr/drivers/gpio/libdrivers__gpio.a(gpio_nrfx.c.obj)
                0x00000000000052f4                __device_dts_ord_9
 .z_device_PRE_KERNEL_155_
                0x000000000000530c       0x18 zephyr/drivers/serial/libdrivers__serial.a(uart_nrfx_uarte.c.obj)
                0x000000000000530c                __device_dts_ord_65
                0x0000000000005324                __device_PRE_KERNEL_2_start = .
 *(SORT_BY_NAME(SORT_BY_ALIGNMENT(.z_device_PRE_KERNEL_2[0-9]_*)))
 *(SORT_BY_NAME(SORT_BY_ALIGNMENT(.z_device_PRE_KERNEL_2[1-9][0-9]_*)))
                0x0000000000005324                __device_POST_KERNEL_start = .
 *(SORT_BY_NAME(SORT_BY_ALIGNMENT(.z_device_POST_KERNEL[0-9]_*)))
 *(SORT_BY_NAME(SORT_BY_ALIGNMENT(.z_device_POST_KERNEL[1-9][0-9]_*)))
 .z_device_POST_KERNEL90_
                0x0000000000005324       0x18 zephyr/drivers/sensor/nrf5/libdrivers__sensor__nrf5.a(temp_nrf5.c.obj)
                0x0000000000005324                __device_dts_ord_61
                0x000000000000533c                __device_APPLICATION_start = .
 *(SORT_BY_NAME(SORT_BY_ALIGNMENT(.z_device_APPLICATION[0-9]_*)))
 *(SORT_BY_NAME(SORT_BY_ALIGNMENT(.z_device_APPLICATION[1-9][0-9]_*)))
                0x000000000000533c                __device_SMP_start = .
 *(SORT_BY_NAME(SORT_BY_ALIGNMENT(.z_device_SMP[0-9]_*)))
 *(SORT_BY_NAME(SORT_BY_ALIGNMENT(.z_device_SMP[1-9][0-9]_*)))
                0x000000000000533c                __device_end = .

sw_isr_table    0x000000000000533c       0xf0
                0x000000000000533c                . = ALIGN (0x4)
 *(SORT_BY_ALIGNMENT(.gnu.linkonce.sw_isr_table*))
 .gnu.linkonce.sw_isr_table
                0x000000000000533c       0xf0 zephyr/arch/common/libisr_tables.a(isr_tables.c.obj)
                0x000000000000533c                _sw_isr_table

initlevel_error
                0x000000000000529c        0x0
 *(SORT_BY_NAME(SORT_BY_ALIGNMENT(.z_init_[_A-Z0-9]*)))
                0x0000000000000001                ASSERT ((SIZEOF (initlevel_error) == 0x0), Undefined initialization levels used.)

app_shmem_regions
                0x000000000000542c        0x0
                0x000000000000542c                __app_shmem_regions_start = .
 *(SORT_BY_NAME(SORT_BY_ALIGNMENT(.app_regions.*)))
                0x000000000000542c                __app_shmem_regions_end = .

k_p4wq_initparam_area
                0x000000000000542c        0x0
                0x000000000000542c                _k_p4wq_initparam_list_start = .
 *(SORT_BY_NAME(SORT_BY_ALIGNMENT(._k_p4wq_initparam.static.*)))
                0x000000000000542c                _k_p4wq_initparam_list_end = .

_static_thread_data_area
                0x000000000000542c        0x0
                0x000000000000542c                __static_thread_data_list_start = .
 *(SORT_BY_NAME(SORT_BY_ALIGNMENT(.__static_thread_data.static.*)))
                0x000000000000542c                __static_thread_data_list_end = .

device_handles  0x000000000000542c       0x3a
                0x000000000000542c                __device_handles_start = .
 *(SORT_BY_NAME(SORT_BY_ALIGNMENT(.__device_handles_pass1*)))
 .__device_handles_pass1
                0x000000000000542c        0xa zephyr/drivers/clock_control/libdrivers__clock_control.a(clock_control_nrf.c.obj)
                0x000000000000542c                __devicehdl_dts_ord_38
 .__device_handles_pass1
                0x0000000000005436       0x18 zephyr/drivers/gpio/libdrivers__gpio.a(gpio_nrfx.c.obj)
                0x0000000000005436                __devicehdl_dts_ord_9
 .__device_handles_pass1
                0x000000000000544e        0xa zephyr/drivers/sensor/nrf5/libdrivers__sensor__nrf5.a(temp_nrf5.c.obj)
                0x000000000000544e                __devicehdl_dts_ord_61
 .__device_handles_pass1
                0x0000000000005458        0xe zephyr/drivers/serial/libdrivers__serial.a(uart_nrfx_uarte.c.obj)
                0x0000000000005458                __devicehdl_dts_ord_65
                0x0000000000005466                __device_handles_end = .

ztest           0x0000000000005466        0x0
                0x0000000000005466                _ztest_expected_result_entry_list_start = .
 *(SORT_BY_NAME(SORT_BY_ALIGNMENT(._ztest_expected_result_entry.static.*)))
                0x0000000000005466                _ztest_expected_result_entry_list_end = .
                0x0000000000005466                _ztest_suite_node_list_start = .
 *(SORT_BY_NAME(SORT_BY_ALIGNMENT(._ztest_suite_node.static.*)))
                0x0000000000005466                _ztest_suite_node_list_end = .
                0x0000000000005466                _ztest_unit_test_list_start = .
 *(SORT_BY_NAME(SORT_BY_ALIGNMENT(._ztest_unit_test.static.*)))
                0x0000000000005466                _ztest_unit_test_list_end = .
                0x0000000000005466                _ztest_test_rule_list_start = .
 *(SORT_BY_NAME(SORT_BY_ALIGNMENT(._ztest_test_rule.static.*)))
                0x0000000000005466                _ztest_test_rule_list_end = .

bt_l2cap_fixed_chan_area
                0x0000000000005466        0x0
                0x0000000000005466                _bt_l2cap_fixed_chan_list_start = .
 *(SORT_BY_NAME(SORT_BY_ALIGNMENT(._bt_l2cap_fixed_chan.static.*)))
                0x0000000000005466                _bt_l2cap_fixed_chan_list_end = .

bt_gatt_service_static_area
                0x0000000000005466        0x0
                0x0000000000005466                _bt_gatt_service_static_list_start = .
 *(SORT_BY_NAME(SORT_BY_ALIGNMENT(._bt_gatt_service_static.static.*)))
                0x0000000000005466                _bt_gatt_service_static_list_end = .

log_strings_sections
                0x0000000000005466        0x0
                0x0000000000005466                __log_strings_start = .
 *(SORT_BY_NAME(SORT_BY_ALIGNMENT(.log_strings*)))
                0x0000000000005466                __log_strings_end = .

log_const_sections
                0x0000000000005466        0x0
                0x0000000000005466                __log_const_start = .
 *(SORT_BY_NAME(SORT_BY_ALIGNMENT(.log_const_*)))
                0x0000000000005466                __log_const_end = .

log_backend_area
                0x0000000000005466        0x0
                0x0000000000005466                _log_backend_list_start = .
 *(SORT_BY_NAME(SORT_BY_ALIGNMENT(._log_backend.static.*)))
                0x0000000000005466                _log_backend_list_end = .

log_link_area   0x0000000000005466        0x0
                0x0000000000005466                _log_link_list_start = .
 *(SORT_BY_NAME(SORT_BY_ALIGNMENT(._log_link.static.*)))
                0x0000000000005466                _log_link_list_end = .

tracing_backend_area
                0x0000000000005466        0x0
                0x0000000000005466                _tracing_backend_list_start = .
 *(SORT_BY_NAME(SORT_BY_ALIGNMENT(._tracing_backend.static.*)))
                0x0000000000005466                _tracing_backend_list_end = .

zephyr_dbg_info
 *(SORT_BY_ALIGNMENT(.dbg_thread_info))

symbol_to_keep  0x0000000000005466        0x0
                0x0000000000005466                __symbol_to_keep_start = .
 *(SORT_BY_NAME(SORT_BY_ALIGNMENT(.symbol_to_keep*)))
                0x0000000000005466                __symbol_to_keep_end = .

shell_area      0x0000000000005466        0x0
                0x0000000000005466                _shell_list_start = .
 *(SORT_BY_NAME(SORT_BY_ALIGNMENT(._shell.static.*)))
                0x0000000000005466                _shell_list_end = .

shell_root_cmds_sections
                0x0000000000005466        0x0
                0x0000000000005466                __shell_root_cmds_start = .
 *(SORT_BY_NAME(SORT_BY_ALIGNMENT(.shell_root_cmd_*)))
                0x0000000000005466                __shell_root_cmds_end = .

shell_subcmds_sections
                0x0000000000005466        0x0
                0x0000000000005466                __shell_subcmds_start = .
 *(SORT_BY_NAME(SORT_BY_ALIGNMENT(.shell_subcmd_*)))
                0x0000000000005466                __shell_subcmds_end = .

shell_dynamic_subcmds_sections
                0x0000000000005466        0x0
                0x0000000000005466                __shell_dynamic_subcmds_start = .
 *(SORT_BY_NAME(SORT_BY_ALIGNMENT(.shell_dynamic_subcmd_*)))
                0x0000000000005466                __shell_dynamic_subcmds_end = .

font_entry_sections
                0x0000000000005466        0x0
                0x0000000000005466                __font_entry_start = .
 *(SORT_BY_NAME(SORT_BY_ALIGNMENT(._cfb_font.*)))
                0x0000000000005466                __font_entry_end = .

rodata          0x0000000000005470      0x1bc
 *(SORT_BY_ALIGNMENT(.rodata))
 *(SORT_BY_ALIGNMENT(.rodata.*))
 .rodata.delay_machine_code.0
                0x0000000000005470        0x6 zephyr/soc/arm/nordic_nrf/nrf52/libsoc__arm__nordic_nrf__nrf52.a(soc.c.obj)
 *fill*         0x0000000000005476        0x2 
 .rodata.pmstates_DT_N_S_cpus_S_cpu_0
                0x0000000000005478        0x0 zephyr/libzephyr.a(state.c.obj)
 .rodata.static_regions
                0x0000000000005478        0xc zephyr/arch/arch/arm/core/aarch32/mpu/libarch__arm__core__aarch32__mpu.a(arm_core_mpu.c.obj)
 .rodata.mpu_config
                0x0000000000005484        0x8 zephyr/soc/arm/common/cortex_m/libsoc__arm__common__cortex_m.a(arm_mpu_regions.c.obj)
                0x0000000000005484                mpu_config
 .rodata.mpu_regions
                0x000000000000548c       0x18 zephyr/soc/arm/common/cortex_m/libsoc__arm__common__cortex_m.a(arm_mpu_regions.c.obj)
 .rodata.transitions.0
                0x00000000000054a4        0xc zephyr/drivers/clock_control/libdrivers__clock_control.a(clock_control_nrf.c.obj)
 .rodata.config
                0x00000000000054b0       0x10 zephyr/drivers/clock_control/libdrivers__clock_control.a(clock_control_nrf.c.obj)
 .rodata.clock_control_api
                0x00000000000054c0       0x1c zephyr/drivers/clock_control/libdrivers__clock_control.a(clock_control_nrf.c.obj)
 .rodata.gpio_nrfx_p0_cfg
                0x00000000000054dc       0x10 zephyr/drivers/gpio/libdrivers__gpio.a(gpio_nrfx.c.obj)
 .rodata.gpio_nrfx_drv_api_funcs
                0x00000000000054ec       0x24 zephyr/drivers/gpio/libdrivers__gpio.a(gpio_nrfx.c.obj)
 .rodata.temp_nrf5_driver_api
                0x0000000000005510       0x14 zephyr/drivers/sensor/nrf5/libdrivers__sensor__nrf5.a(temp_nrf5.c.obj)
 .rodata.uarte_0z_config
                0x0000000000005524       0x10 zephyr/drivers/serial/libdrivers__serial.a(uart_nrfx_uarte.c.obj)
 .rodata.__pinctrl_dev_config__device_dts_ord_65
                0x0000000000005534        0xc zephyr/drivers/serial/libdrivers__serial.a(uart_nrfx_uarte.c.obj)
 .rodata.__pinctrl_states__device_dts_ord_65
                0x0000000000005540        0x8 zephyr/drivers/serial/libdrivers__serial.a(uart_nrfx_uarte.c.obj)
 .rodata.__pinctrl_state_pins_0__device_dts_ord_65
                0x0000000000005548       0x10 zephyr/drivers/serial/libdrivers__serial.a(uart_nrfx_uarte.c.obj)
 .rodata.uart_nrfx_uarte_driver_api
                0x0000000000005558       0x14 zephyr/drivers/serial/libdrivers__serial.a(uart_nrfx_uarte.c.obj)
 .rodata._k_neg_eagain
                0x000000000000556c        0x4 zephyr/kernel/libkernel.a(errno.c.obj)
                0x000000000000556c                _k_neg_eagain
 .rodata.levels.0
                0x0000000000005570       0x18 zephyr/kernel/libkernel.a(init.c.obj)
 .rodata.z_cbvprintf_impl.str1.1
                0x0000000000005588        0x6 zephyr/libzephyr.a(cbprintf_complete.c.obj)
 .rodata.str1.1
                0x000000000000558e        0xf zephyr/soc/arm/common/cortex_m/libsoc__arm__common__cortex_m.a(arm_mpu_regions.c.obj)
 .rodata.str1.1
                0x000000000000559d        0xf zephyr/drivers/clock_control/libdrivers__clock_control.a(clock_control_nrf.c.obj)
 .rodata.str1.1
                0x00000000000055ac        0xe zephyr/drivers/gpio/libdrivers__gpio.a(gpio_nrfx.c.obj)
 .rodata.str1.1
                0x00000000000055ba        0xe zephyr/drivers/sensor/nrf5/libdrivers__sensor__nrf5.a(temp_nrf5.c.obj)
 .rodata.str1.1
                0x00000000000055c8        0xe zephyr/drivers/serial/libdrivers__serial.a(uart_nrfx_uarte.c.obj)
 .rodata.CSWTCH.22
                0x00000000000055d6        0x3 modules/hal_nordic/nrfx/libmodules__hal_nordic__nrfx.a(system_nrf52810.c.obj)
 .rodata.CSWTCH.21
                0x00000000000055d9        0x5 modules/hal_nordic/nrfx/libmodules__hal_nordic__nrfx.a(system_nrf52810.c.obj)
 .rodata.CSWTCH.18
                0x00000000000055de        0x5 modules/hal_nordic/nrfx/libmodules__hal_nordic__nrfx.a(system_nrf52810.c.obj)
 .rodata.CSWTCH.14
                0x00000000000055e3        0x5 modules/hal_nordic/nrfx/libmodules__hal_nordic__nrfx.a(system_nrf52810.c.obj)
 .rodata.CSWTCH.4
                0x00000000000055e8        0x5 modules/hal_nordic/nrfx/libmodules__hal_nordic__nrfx.a(system_nrf52810.c.obj)
 .rodata.z_cstart.str1.1
                0x00000000000055ed        0x5 zephyr/kernel/libkernel.a(init.c.obj)
 .rodata.boot_banner.str1.1
                0x00000000000055f2       0x2e zephyr/kernel/libkernel.a(banner.c.obj)
 .rodata.k_sys_work_q_init.str1.1
                0x0000000000005620        0x9 zephyr/kernel/libkernel.a(system_work_q.c.obj)
 *(SORT_BY_ALIGNMENT(.gnu.linkonce.r.*))
                0x000000000000562c                . = ALIGN (0x4)
 *fill*         0x0000000000005629        0x3 
                0x000000000000562c                __rodata_region_end = .
                0x0000000000005640                . = ALIGN (_region_min_align)
                0x0000000000008000                . = ALIGN ((0x1 << ((__rodata_region_end - ADDR (rom_start)) <= 0x4)?0x2:((__rodata_region_end - ADDR (rom_start)) <= 0x8)?0x3:((__rodata_region_end - ADDR (rom_start)) <= 0x10)?0x4:((__rodata_region_end - ADDR (rom_start)) <= 0x20)?0x5:((__rodata_region_end - ADDR (rom_start)) <= 0x40)?0x6:((__rodata_region_end - ADDR (rom_start)) <= 0x80)?0x7:((__rodata_region_end - ADDR (rom_start)) <= 0x100)?0x8:((__rodata_region_end - ADDR (rom_start)) <= 0x200)?0x9:((__rodata_region_end - ADDR (rom_start)) <= 0x400)?0xa:((__rodata_region_end - ADDR (rom_start)) <= 0x800)?0xb:((__rodata_region_end - ADDR (rom_start)) <= 0x1000)?0xc:((__rodata_region_end - ADDR (rom_start)) <= 0x2000)?0xd:((__rodata_region_end - ADDR (rom_start)) <= 0x4000)?0xe:((__rodata_region_end - ADDR (rom_start)) <= 0x8000)?0xf:((__rodata_region_end - ADDR (rom_start)) <= 0x10000)?0x10:((__rodata_region_end - ADDR (rom_start)) <= 0x20000)?0x11:((__rodata_region_end - ADDR (rom_start)) <= 0x40000)?0x12:((__rodata_region_end - ADDR (rom_start)) <= 0x80000)?0x13:((__rodata_region_end - ADDR (rom_start)) <= 0x100000)?0x14:((__rodata_region_end - ADDR (rom_start)) <= 0x200000)?0x15:((__rodata_region_end - ADDR (rom_start)) <= 0x400000)?0x16:((__rodata_region_end - ADDR (rom_start)) <= 0x800000)?0x17:((__rodata_region_end - ADDR (rom_start)) <= 0x1000000)?0x18:((__rodata_region_end - ADDR (rom_start)) <= 0x2000000)?0x19:((__rodata_region_end - ADDR (rom_start)) <= 0x4000000)?0x1a:((__rodata_region_end - ADDR (rom_start)) <= 0x8000000)?0x1b:((__rodata_region_end - ADDR (rom_start)) <= 0x10000000)?0x1c:((__rodata_region_end - ADDR (rom_start)) <= 0x20000000)?0x1d:((__rodata_region_end - ADDR (rom_start)) <= 0x40000000)?0x1e:((__rodata_region_end - ADDR (rom_start)) <= 0x80000000)?0x1f:0x20))
                0x0000000000008000                __rom_region_end = ((__rom_region_start + .) - ADDR (rom_start))

/DISCARD/
 *(SORT_BY_ALIGNMENT(.got.plt))
 *(SORT_BY_ALIGNMENT(.igot.plt))
 *(SORT_BY_ALIGNMENT(.got))
 *(SORT_BY_ALIGNMENT(.igot))
                0x0000000020000000                . = 0x20000000
                0x0000000020000000                . = ALIGN (_region_min_align)
                0x0000000020000000                _image_ram_start = .

.ramfunc        0x0000000020000000        0x0 load address 0x000000000000562c
                0x0000000020000000                . = ALIGN (_region_min_align)
                0x0000000020000000                . = ALIGN ((0x1 << (__ramfunc_size <= 0x4)?0x2:(__ramfunc_size <= 0x8)?0x3:(__ramfunc_size <= 0x10)?0x4:(__ramfunc_size <= 0x20)?0x5:(__ramfunc_size <= 0x40)?0x6:(__ramfunc_size <= 0x80)?0x7:(__ramfunc_size <= 0x100)?0x8:(__ramfunc_size <= 0x200)?0x9:(__ramfunc_size <= 0x400)?0xa:(__ramfunc_size <= 0x800)?0xb:(__ramfunc_size <= 0x1000)?0xc:(__ramfunc_size <= 0x2000)?0xd:(__ramfunc_size <= 0x4000)?0xe:(__ramfunc_size <= 0x8000)?0xf:(__ramfunc_size <= 0x10000)?0x10:(__ramfunc_size <= 0x20000)?0x11:(__ramfunc_size <= 0x40000)?0x12:(__ramfunc_size <= 0x80000)?0x13:(__ramfunc_size <= 0x100000)?0x14:(__ramfunc_size <= 0x200000)?0x15:(__ramfunc_size <= 0x400000)?0x16:(__ramfunc_size <= 0x800000)?0x17:(__ramfunc_size <= 0x1000000)?0x18:(__ramfunc_size <= 0x2000000)?0x19:(__ramfunc_size <= 0x4000000)?0x1a:(__ramfunc_size <= 0x8000000)?0x1b:(__ramfunc_size <= 0x10000000)?0x1c:(__ramfunc_size <= 0x20000000)?0x1d:(__ramfunc_size <= 0x40000000)?0x1e:(__ramfunc_size <= 0x80000000)?0x1f:0x20))
                0x0000000020000000                __ramfunc_start = .
 *(SORT_BY_ALIGNMENT(.ramfunc))
 *(SORT_BY_ALIGNMENT(.ramfunc.*))
                0x0000000020000000                . = ALIGN (_region_min_align)
                0x0000000020000000                . = ALIGN ((0x1 << (__ramfunc_size <= 0x4)?0x2:(__ramfunc_size <= 0x8)?0x3:(__ramfunc_size <= 0x10)?0x4:(__ramfunc_size <= 0x20)?0x5:(__ramfunc_size <= 0x40)?0x6:(__ramfunc_size <= 0x80)?0x7:(__ramfunc_size <= 0x100)?0x8:(__ramfunc_size <= 0x200)?0x9:(__ramfunc_size <= 0x400)?0xa:(__ramfunc_size <= 0x800)?0xb:(__ramfunc_size <= 0x1000)?0xc:(__ramfunc_size <= 0x2000)?0xd:(__ramfunc_size <= 0x4000)?0xe:(__ramfunc_size <= 0x8000)?0xf:(__ramfunc_size <= 0x10000)?0x10:(__ramfunc_size <= 0x20000)?0x11:(__ramfunc_size <= 0x40000)?0x12:(__ramfunc_size <= 0x80000)?0x13:(__ramfunc_size <= 0x100000)?0x14:(__ramfunc_size <= 0x200000)?0x15:(__ramfunc_size <= 0x400000)?0x16:(__ramfunc_size <= 0x800000)?0x17:(__ramfunc_size <= 0x1000000)?0x18:(__ramfunc_size <= 0x2000000)?0x19:(__ramfunc_size <= 0x4000000)?0x1a:(__ramfunc_size <= 0x8000000)?0x1b:(__ramfunc_size <= 0x10000000)?0x1c:(__ramfunc_size <= 0x20000000)?0x1d:(__ramfunc_size <= 0x40000000)?0x1e:(__ramfunc_size <= 0x80000000)?0x1f:0x20))
                0x0000000020000000                __ramfunc_end = .
                0x0000000000000000                __ramfunc_size = (__ramfunc_end - __ramfunc_start)
                0x000000000000562c                __ramfunc_load_start = LOADADDR (.ramfunc)

datas           0x0000000020000000       0xa4 load address 0x000000000000562c
                0x0000000020000000                __data_region_start = .
                0x0000000020000000                __data_start = .
 *(SORT_BY_ALIGNMENT(.data))
 *(SORT_BY_ALIGNMENT(.data.*))
 .data._char_out
                0x0000000020000000        0x4 zephyr/libzephyr.a(printk.c.obj)
                0x0000000020000000                _char_out
 .data.max_latency_ticks
                0x0000000020000004        0x4 zephyr/libzephyr.a(policy.c.obj)
 .data._stdout_hook
                0x0000000020000008        0x4 zephyr/lib/libc/minimal/liblib__libc__minimal.a(stdout_console.c.obj)
 .data.temp_measure_work
                0x000000002000000c       0x10 zephyr/drivers/clock_control/libdrivers__clock_control.a(nrf_clock_calibration.c.obj)
 .data.uarte_0_data
                0x000000002000001c       0x1c zephyr/drivers/serial/libdrivers__serial.a(uart_nrfx_uarte.c.obj)
 .data.SystemCoreClock
                0x0000000020000038        0x4 modules/hal_nordic/nrfx/libmodules__hal_nordic__nrfx.a(system_nrf52810.c.obj)
                0x0000000020000038                SystemCoreClock
 .data.m_cb     0x000000002000003c       0x5c modules/hal_nordic/nrfx/libmodules__hal_nordic__nrfx.a(nrfx_gpiote.c.obj)
 .data.m_channels_allocated
                0x0000000020000098        0x4 modules/hal_nordic/nrfx/libmodules__hal_nordic__nrfx.a(nrfx_ppi.c.obj)
 .data.timeout_list
                0x000000002000009c        0x8 zephyr/kernel/libkernel.a(timeout.c.obj)
 *(SORT_BY_ALIGNMENT(.kernel.*))
                0x00000000200000a4                __data_end = .
                0x00000000000000a4                __data_size = (__data_end - __data_start)
                0x000000000000562c                __data_load_start = LOADADDR (datas)
                0x000000000000562c                __data_region_load_start = LOADADDR (datas)

device_states   0x00000000200000a4        0x8 load address 0x00000000000056d0
                0x00000000200000a4                __device_states_start = .
 *(SORT_BY_ALIGNMENT(.z_devstate))
 .z_devstate    0x00000000200000a4        0x2 zephyr/drivers/clock_control/libdrivers__clock_control.a(clock_control_nrf.c.obj)
 .z_devstate    0x00000000200000a6        0x2 zephyr/drivers/gpio/libdrivers__gpio.a(gpio_nrfx.c.obj)
 .z_devstate    0x00000000200000a8        0x2 zephyr/drivers/sensor/nrf5/libdrivers__sensor__nrf5.a(temp_nrf5.c.obj)
 .z_devstate    0x00000000200000aa        0x2 zephyr/drivers/serial/libdrivers__serial.a(uart_nrfx_uarte.c.obj)
 *(SORT_BY_ALIGNMENT(.z_devstate.*))
                0x00000000200000ac                __device_states_end = .

initshell       0x00000000200000ac        0x0 load address 0x00000000000056d8
                0x00000000200000ac                __shell_module_start = .
 *(SORT_BY_ALIGNMENT(.shell_module_*))
                0x00000000200000ac                __shell_module_end = .
                0x00000000200000ac                __shell_cmd_start = .
 *(SORT_BY_ALIGNMENT(.shell_cmd_*))
                0x00000000200000ac                __shell_cmd_end = .

log_mpsc_pbuf_area
                0x00000000200000ac        0x0 load address 0x00000000000056d8
                0x00000000200000ac                _log_mpsc_pbuf_list_start = .
 *(SORT_BY_NAME(SORT_BY_ALIGNMENT(._log_mpsc_pbuf.static.*)))
                0x00000000200000ac                _log_mpsc_pbuf_list_end = .

log_msg_ptr_area
                0x00000000200000ac        0x0 load address 0x00000000000056d8
                0x00000000200000ac                _log_msg_ptr_list_start = .
 *(SORT_BY_NAME(SORT_BY_ALIGNMENT(._log_msg_ptr.static.*)))
                0x00000000200000ac                _log_msg_ptr_list_end = .

log_dynamic_sections
                0x00000000200000ac        0x0 load address 0x00000000000056d8
                0x00000000200000ac                __log_dynamic_start = .
 *(SORT_BY_NAME(SORT_BY_ALIGNMENT(.log_dynamic_*)))
                0x00000000200000ac                __log_dynamic_end = .

k_timer_area    0x00000000200000b0       0x38 load address 0x00000000000056dc
                0x00000000200000b0                _k_timer_list_start = .
 *(SORT_BY_NAME(SORT_BY_ALIGNMENT(._k_timer.static.*)))
 ._k_timer.static.backoff_timer
                0x00000000200000b0       0x38 zephyr/drivers/clock_control/libdrivers__clock_control.a(nrf_clock_calibration.c.obj)
                0x00000000200000e8                _k_timer_list_end = .

k_mem_slab_area
                0x00000000200000e8        0x0 load address 0x0000000000005714
                0x00000000200000e8                _k_mem_slab_list_start = .
 *(SORT_BY_NAME(SORT_BY_ALIGNMENT(._k_mem_slab.static.*)))
                0x00000000200000e8                _k_mem_slab_list_end = .

k_heap_area     0x00000000200000e8        0x0 load address 0x0000000000005714
                0x00000000200000e8                _k_heap_list_start = .
 *(SORT_BY_NAME(SORT_BY_ALIGNMENT(._k_heap.static.*)))
                0x00000000200000e8                _k_heap_list_end = .

k_mutex_area    0x00000000200000e8        0x0 load address 0x0000000000005714
                0x00000000200000e8                _k_mutex_list_start = .
 *(SORT_BY_NAME(SORT_BY_ALIGNMENT(._k_mutex.static.*)))
                0x00000000200000e8                _k_mutex_list_end = .

k_stack_area    0x00000000200000e8        0x0 load address 0x0000000000005714
                0x00000000200000e8                _k_stack_list_start = .
 *(SORT_BY_NAME(SORT_BY_ALIGNMENT(._k_stack.static.*)))
                0x00000000200000e8                _k_stack_list_end = .

k_msgq_area     0x00000000200000e8        0x0 load address 0x0000000000005714
                0x00000000200000e8                _k_msgq_list_start = .
 *(SORT_BY_NAME(SORT_BY_ALIGNMENT(._k_msgq.static.*)))
                0x00000000200000e8                _k_msgq_list_end = .

k_mbox_area     0x00000000200000e8        0x0 load address 0x0000000000005714
                0x00000000200000e8                _k_mbox_list_start = .
 *(SORT_BY_NAME(SORT_BY_ALIGNMENT(._k_mbox.static.*)))
                0x00000000200000e8                _k_mbox_list_end = .

k_pipe_area     0x00000000200000e8        0x0 load address 0x0000000000005714
                0x00000000200000e8                _k_pipe_list_start = .
 *(SORT_BY_NAME(SORT_BY_ALIGNMENT(._k_pipe.static.*)))
                0x00000000200000e8                _k_pipe_list_end = .

k_sem_area      0x00000000200000e8        0x0 load address 0x0000000000005714
                0x00000000200000e8                _k_sem_list_start = .
 *(SORT_BY_NAME(SORT_BY_ALIGNMENT(._k_sem.static.*)))
                0x00000000200000e8                _k_sem_list_end = .

k_event_area    0x00000000200000e8        0x0 load address 0x0000000000005714
                0x00000000200000e8                _k_event_list_start = .
 *(SORT_BY_NAME(SORT_BY_ALIGNMENT(._k_event.static.*)))
                0x00000000200000e8                _k_event_list_end = .

k_queue_area    0x00000000200000e8        0x0 load address 0x0000000000005714
                0x00000000200000e8                _k_queue_list_start = .
 *(SORT_BY_NAME(SORT_BY_ALIGNMENT(._k_queue.static.*)))
                0x00000000200000e8                _k_queue_list_end = .

k_condvar_area  0x00000000200000e8        0x0 load address 0x0000000000005714
                0x00000000200000e8                _k_condvar_list_start = .
 *(SORT_BY_NAME(SORT_BY_ALIGNMENT(._k_condvar.static.*)))
                0x00000000200000e8                _k_condvar_list_end = .

_net_buf_pool_area
                0x00000000200000e8        0x0 load address 0x0000000000005714
                0x00000000200000e8                _net_buf_pool_list = .
 *(SORT_BY_NAME(SORT_BY_ALIGNMENT(._net_buf_pool.static.*)))
                0x00000000200000e8                __data_region_end = .

bss             0x00000000200000e8      0x313
                0x00000000200000e8                . = ALIGN (0x4)
                0x00000000200000e8                __bss_start = .
                0x00000000200000e8                __kernel_ram_start = .
 *(SORT_BY_ALIGNMENT(.bss))
 *(SORT_BY_ALIGNMENT(.bss.*))
 .bss.cc_data   0x00000000200000e8       0x10 zephyr/drivers/timer/libdrivers__timer.a(nrf_rtc_timer.c.obj)
 .bss.last_count
                0x00000000200000f8        0x8 zephyr/drivers/timer/libdrivers__timer.a(nrf_rtc_timer.c.obj)
 .bss.anchor    0x0000000020000100        0x8 zephyr/drivers/timer/libdrivers__timer.a(nrf_rtc_timer.c.obj)
 .bss.z_idle_threads
                0x0000000020000108       0x80 zephyr/kernel/libkernel.a(init.c.obj)
                0x0000000020000108                z_idle_threads
 .bss.z_main_thread
                0x0000000020000188       0x80 zephyr/kernel/libkernel.a(init.c.obj)
                0x0000000020000188                z_main_thread
 .bss.curr_tick
                0x0000000020000208        0x8 zephyr/kernel/libkernel.a(timeout.c.obj)
 .bss.k_sys_work_q
                0x0000000020000210       0xa0 zephyr/kernel/libkernel.a(system_work_q.c.obj)
                0x0000000020000210                k_sys_work_q
 .bss.z_cpus_pm_forced_state
                0x00000000200002b0        0xc zephyr/libzephyr.a(pm.c.obj)
 .bss.z_cpus_pm_state
                0x00000000200002bc        0xc zephyr/libzephyr.a(pm.c.obj)
 .bss.pm_notifiers
                0x00000000200002c8        0x8 zephyr/libzephyr.a(pm.c.obj)
 .bss.z_post_ops_required
                0x00000000200002d0        0x4 zephyr/libzephyr.a(pm.c.obj)
 .bss.dynamic_regions.0
                0x00000000200002d4        0xc zephyr/arch/arch/arm/core/aarch32/mpu/libarch__arm__core__aarch32__mpu.a(arm_core_mpu.c.obj)
 .bss.cli.1     0x00000000200002e0       0x10 zephyr/drivers/clock_control/libdrivers__clock_control.a(clock_control_nrf.c.obj)
 .bss.on.2      0x00000000200002f0        0x4 zephyr/drivers/clock_control/libdrivers__clock_control.a(clock_control_nrf.c.obj)
 .bss.data      0x00000000200002f4       0x50 zephyr/drivers/clock_control/libdrivers__clock_control.a(clock_control_nrf.c.obj)
 .bss.hfclk_users
                0x0000000020000344        0x4 zephyr/drivers/clock_control/libdrivers__clock_control.a(clock_control_nrf.c.obj)
 .bss.mgrs      0x0000000020000348        0x4 zephyr/drivers/clock_control/libdrivers__clock_control.a(nrf_clock_calibration.c.obj)
 .bss.cli       0x000000002000034c       0x10 zephyr/drivers/clock_control/libdrivers__clock_control.a(nrf_clock_calibration.c.obj)
 .bss.total_skips_cnt
                0x000000002000035c        0x4 zephyr/drivers/clock_control/libdrivers__clock_control.a(nrf_clock_calibration.c.obj)
 .bss.total_cnt
                0x0000000020000360        0x4 zephyr/drivers/clock_control/libdrivers__clock_control.a(nrf_clock_calibration.c.obj)
 .bss.cal_process_in_progress
                0x0000000020000364        0x4 zephyr/drivers/clock_control/libdrivers__clock_control.a(nrf_clock_calibration.c.obj)
 .bss.gpio_nrfx_p0_data
                0x0000000020000368        0xc zephyr/drivers/gpio/libdrivers__gpio.a(gpio_nrfx.c.obj)
 .bss.temp_nrf5_data_0
                0x0000000020000374       0x2c zephyr/drivers/sensor/nrf5/libdrivers__sensor__nrf5.a(temp_nrf5.c.obj)
 .bss.force_isr_mask
                0x00000000200003a0        0x4 zephyr/drivers/timer/libdrivers__timer.a(nrf_rtc_timer.c.obj)
 .bss.int_mask  0x00000000200003a4        0x4 zephyr/drivers/timer/libdrivers__timer.a(nrf_rtc_timer.c.obj)
 .bss.overflow_cnt
                0x00000000200003a8        0x4 zephyr/drivers/timer/libdrivers__timer.a(nrf_rtc_timer.c.obj)
 .bss.m_clock_cb
                0x00000000200003ac        0x8 modules/hal_nordic/nrfx/libmodules__hal_nordic__nrfx.a(nrfx_clock.c.obj)
 .bss._kernel   0x00000000200003b4       0x28 zephyr/kernel/libkernel.a(init.c.obj)
                0x00000000200003b4                _kernel
 .bss.pending_cancels
                0x00000000200003dc        0x8 zephyr/kernel/libkernel.a(work.c.obj)
 .bss.pending_current
                0x00000000200003e4        0x4 zephyr/kernel/libkernel.a(sched.c.obj)
 .bss.slice_max_prio
                0x00000000200003e8        0x4 zephyr/kernel/libkernel.a(sched.c.obj)
 .bss.slice_ticks
                0x00000000200003ec        0x4 zephyr/kernel/libkernel.a(sched.c.obj)
 .bss.announce_remaining
                0x00000000200003f0        0x4 zephyr/kernel/libkernel.a(timeout.c.obj)
 .bss.prev_temperature
                0x00000000200003f4        0x2 zephyr/drivers/clock_control/libdrivers__clock_control.a(nrf_clock_calibration.c.obj)
 .bss.static_regions_num
                0x00000000200003f6        0x1 zephyr/arch/arch/arm/core/aarch32/mpu/libarch__arm__core__aarch32__mpu.a(arm_mpu.c.obj)
 .bss.calib_skip_cnt
                0x00000000200003f7        0x1 zephyr/drivers/clock_control/libdrivers__clock_control.a(nrf_clock_calibration.c.obj)
 .bss.uarte0_rx_data
                0x00000000200003f8        0x1 zephyr/drivers/serial/libdrivers__serial.a(uart_nrfx_uarte.c.obj)
 .bss.uarte0_char_out
                0x00000000200003f9        0x1 zephyr/drivers/serial/libdrivers__serial.a(uart_nrfx_uarte.c.obj)
 .bss.z_sys_post_kernel
                0x00000000200003fa        0x1 zephyr/kernel/libkernel.a(init.c.obj)
                0x00000000200003fa                z_sys_post_kernel
 .bss.lock      0x00000000200003fb        0x0 zephyr/kernel/libkernel.a(mutex.c.obj)
 .bss.lock      0x00000000200003fb        0x0 zephyr/kernel/libkernel.a(sem.c.obj)
 .bss.lock      0x00000000200003fb        0x0 zephyr/kernel/libkernel.a(work.c.obj)
 .bss.sched_spinlock
                0x00000000200003fb        0x0 zephyr/kernel/libkernel.a(sched.c.obj)
                0x00000000200003fb                sched_spinlock
 *(SORT_BY_ALIGNMENT(COMMON))
 *(SORT_BY_ALIGNMENT(.kernel_bss.*))
                0x00000000200003fc                __bss_end = ALIGN (0x4)

noinit          0x0000000020000400     0x1200
 *(SORT_BY_ALIGNMENT(.noinit))
 *(SORT_BY_ALIGNMENT(.noinit.*))
 .noinit."WEST_TOPDIR/zephyr/kernel/init.c".2
                0x0000000020000400      0x840 zephyr/kernel/libkernel.a(init.c.obj)
                0x0000000020000400                z_interrupt_stacks
 .noinit."WEST_TOPDIR/zephyr/kernel/init.c".1
                0x0000000020000c40      0x140 zephyr/kernel/libkernel.a(init.c.obj)
 .noinit."WEST_TOPDIR/zephyr/kernel/init.c".0
                0x0000000020000d80      0x440 zephyr/kernel/libkernel.a(init.c.obj)
                0x0000000020000d80                z_main_stack
 .noinit."WEST_TOPDIR/zephyr/kernel/system_work_q.c".0
                0x00000000200011c0      0x440 zephyr/kernel/libkernel.a(system_work_q.c.obj)
 *(SORT_BY_ALIGNMENT(.kernel_noinit.*))
                0x0000000020001600                _image_ram_end = .
                0x0000000020001600                _end = .
                0x0000000020006000                __kernel_ram_end = 0x20006000
                0x0000000000005f18                __kernel_ram_size = (__kernel_ram_end - __kernel_ram_start)

.intList        0x00000000fffff800       0x58
 *(SORT_BY_ALIGNMENT(.irq_info*))
 .irq_info      0x00000000fffff800        0x8 zephyr/arch/common/libisr_tables.a(isr_tables.c.obj)
                0x00000000fffff800                _iheader
 *(SORT_BY_ALIGNMENT(.intList*))
 .intList       0x00000000fffff808       0x10 zephyr/drivers/clock_control/libdrivers__clock_control.a(clock_control_nrf.c.obj)
 .intList       0x00000000fffff818       0x10 zephyr/drivers/gpio/libdrivers__gpio.a(gpio_nrfx.c.obj)
 .intList       0x00000000fffff828       0x10 zephyr/drivers/sensor/nrf5/libdrivers__sensor__nrf5.a(temp_nrf5.c.obj)
 .intList       0x00000000fffff838       0x10 zephyr/drivers/serial/libdrivers__serial.a(uart_nrfx_uarte.c.obj)
 .intList       0x00000000fffff848       0x10 zephyr/drivers/timer/libdrivers__timer.a(nrf_rtc_timer.c.obj)

.stab
 *(SORT_BY_ALIGNMENT(.stab))

.stabstr
 *(SORT_BY_ALIGNMENT(.stabstr))

.stab.excl
 *(SORT_BY_ALIGNMENT(.stab.excl))

.stab.exclstr
 *(SORT_BY_ALIGNMENT(.stab.exclstr))

.stab.index
 *(SORT_BY_ALIGNMENT(.stab.index))

.stab.indexstr
 *(SORT_BY_ALIGNMENT(.stab.indexstr))

.gnu.build.attributes
 *(SORT_BY_ALIGNMENT(.gnu.build.attributes) SORT_BY_ALIGNMENT(.gnu.build.attributes.*))

.comment        0x0000000000000000       0x20
 *(SORT_BY_ALIGNMENT(.comment))
 .comment       0x0000000000000000       0x20 app/libapp.a(main.c.obj)
                                         0x21 (size before relaxing)
 .comment       0x0000000000000020       0x21 zephyr/libzephyr.a(printk.c.obj)
 .comment       0x0000000000000020       0x21 zephyr/libzephyr.a(thread_entry.c.obj)
 .comment       0x0000000000000020       0x21 zephyr/libzephyr.a(onoff.c.obj)
 .comment       0x0000000000000020       0x21 zephyr/libzephyr.a(notify.c.obj)
 .comment       0x0000000000000020       0x21 zephyr/libzephyr.a(cbprintf_complete.c.obj)
 .comment       0x0000000000000020       0x21 zephyr/libzephyr.a(configs.c.obj)
 .comment       0x0000000000000020       0x21 zephyr/libzephyr.a(pm.c.obj)
 .comment       0x0000000000000020       0x21 zephyr/libzephyr.a(policy.c.obj)
 .comment       0x0000000000000020       0x21 zephyr/libzephyr.a(state.c.obj)
 .comment       0x0000000000000020       0x21 zephyr/arch/arch/arm/core/aarch32/libarch__arm__core__aarch32.a(fatal.c.obj)
 .comment       0x0000000000000020       0x21 zephyr/arch/arch/arm/core/aarch32/libarch__arm__core__aarch32.a(irq_manage.c.obj)
 .comment       0x0000000000000020       0x21 zephyr/arch/arch/arm/core/aarch32/libarch__arm__core__aarch32.a(nmi.c.obj)
 .comment       0x0000000000000020       0x21 zephyr/arch/arch/arm/core/aarch32/libarch__arm__core__aarch32.a(prep_c.c.obj)
 .comment       0x0000000000000020       0x21 zephyr/arch/arch/arm/core/aarch32/libarch__arm__core__aarch32.a(swap.c.obj)
 .comment       0x0000000000000020       0x21 zephyr/arch/arch/arm/core/aarch32/libarch__arm__core__aarch32.a(thread.c.obj)
 .comment       0x0000000000000020       0x21 zephyr/arch/arch/arm/core/aarch32/cortex_m/libarch__arm__core__aarch32__cortex_m.a(fault.c.obj)
 .comment       0x0000000000000020       0x21 zephyr/arch/arch/arm/core/aarch32/cortex_m/libarch__arm__core__aarch32__cortex_m.a(irq_init.c.obj)
 .comment       0x0000000000000020       0x21 zephyr/arch/arch/arm/core/aarch32/cortex_m/libarch__arm__core__aarch32__cortex_m.a(scb.c.obj)
 .comment       0x0000000000000020       0x21 zephyr/arch/arch/arm/core/aarch32/cortex_m/libarch__arm__core__aarch32__cortex_m.a(thread_abort.c.obj)
 .comment       0x0000000000000020       0x21 zephyr/arch/arch/arm/core/aarch32/mpu/libarch__arm__core__aarch32__mpu.a(arm_core_mpu.c.obj)
 .comment       0x0000000000000020       0x21 zephyr/arch/arch/arm/core/aarch32/mpu/libarch__arm__core__aarch32__mpu.a(arm_mpu.c.obj)
 .comment       0x0000000000000020       0x21 zephyr/lib/libc/minimal/liblib__libc__minimal.a(string.c.obj)
 .comment       0x0000000000000020       0x21 zephyr/lib/libc/minimal/liblib__libc__minimal.a(stdout_console.c.obj)
 .comment       0x0000000000000020       0x21 zephyr/soc/arm/common/cortex_m/libsoc__arm__common__cortex_m.a(arm_mpu_regions.c.obj)
 .comment       0x0000000000000020       0x21 zephyr/soc/arm/nordic_nrf/nrf52/libsoc__arm__nordic_nrf__nrf52.a(soc.c.obj)
 .comment       0x0000000000000020       0x21 zephyr/soc/arm/nordic_nrf/nrf52/libsoc__arm__nordic_nrf__nrf52.a(power.c.obj)
 .comment       0x0000000000000020       0x21 zephyr/drivers/clock_control/libdrivers__clock_control.a(clock_control_nrf.c.obj)
 .comment       0x0000000000000020       0x21 zephyr/drivers/clock_control/libdrivers__clock_control.a(nrf_clock_calibration.c.obj)
 .comment       0x0000000000000020       0x21 zephyr/drivers/console/libdrivers__console.a(uart_console.c.obj)
 .comment       0x0000000000000020       0x21 zephyr/drivers/gpio/libdrivers__gpio.a(gpio_nrfx.c.obj)
 .comment       0x0000000000000020       0x21 zephyr/drivers/sensor/nrf5/libdrivers__sensor__nrf5.a(temp_nrf5.c.obj)
 .comment       0x0000000000000020       0x21 zephyr/drivers/serial/libdrivers__serial.a(uart_nrfx_uarte.c.obj)
 .comment       0x0000000000000020       0x21 zephyr/drivers/timer/libdrivers__timer.a(sys_clock_init.c.obj)
 .comment       0x0000000000000020       0x21 zephyr/drivers/timer/libdrivers__timer.a(nrf_rtc_timer.c.obj)
 .comment       0x0000000000000020       0x21 zephyr/drivers/pinctrl/libdrivers__pinctrl.a(common.c.obj)
 .comment       0x0000000000000020       0x21 zephyr/drivers/pinctrl/libdrivers__pinctrl.a(pinctrl_nrf.c.obj)
 .comment       0x0000000000000020       0x21 modules/nrf/lib/fatal_error/lib..__nrf__lib__fatal_error.a(fatal_error.c.obj)
 .comment       0x0000000000000020       0x21 modules/hal_nordic/nrfx/libmodules__hal_nordic__nrfx.a(system_nrf52810.c.obj)
 .comment       0x0000000000000020       0x21 modules/hal_nordic/nrfx/libmodules__hal_nordic__nrfx.a(nrfx_glue.c.obj)
 .comment       0x0000000000000020       0x21 modules/hal_nordic/nrfx/libmodules__hal_nordic__nrfx.a(nrfx_flag32_allocator.c.obj)
 .comment       0x0000000000000020       0x21 modules/hal_nordic/nrfx/libmodules__hal_nordic__nrfx.a(nrfx_clock.c.obj)
 .comment       0x0000000000000020       0x21 modules/hal_nordic/nrfx/libmodules__hal_nordic__nrfx.a(nrfx_gpiote.c.obj)
 .comment       0x0000000000000020       0x21 modules/hal_nordic/nrfx/libmodules__hal_nordic__nrfx.a(nrfx_ppi.c.obj)
 .comment       0x0000000000000020       0x21 zephyr/kernel/libkernel.a(device.c.obj)
 .comment       0x0000000000000020       0x21 zephyr/kernel/libkernel.a(errno.c.obj)
 .comment       0x0000000000000020       0x21 zephyr/kernel/libkernel.a(fatal.c.obj)
 .comment       0x0000000000000020       0x21 zephyr/kernel/libkernel.a(init.c.obj)